Archive member included because of file (symbol)

contiki-iris.a(etimer.o)      sensornode.co (etimer_set)
contiki-iris.a(ctimer.o)      sensornode.co (ctimer_set)
contiki-iris.a(random.o)      sensornode.co (random_rand)
contiki-iris.a(tcpip.o)       sensornode.co (udp_new)
contiki-iris.a(uip-debug.o)   sensornode.co (uip_debug_ipaddr_print)
contiki-iris.a(uip-ds6-route.o)
                              contiki-iris.a(tcpip.o) (uip_ds6_route_nexthop)
contiki-iris.a(uip-ds6-nbr.o)
                              contiki-iris.a(tcpip.o) (uip_ds6_nbr_add)
contiki-iris.a(uip-ds6.o)     contiki-iris.a(tcpip.o) (uip_ds6_is_addr_onlink)
contiki-iris.a(uip-nd6.o)     contiki-iris.a(tcpip.o) (uip_nd6_ns_output)
contiki-iris.a(uip-udp-packet.)
                              sensornode.co (uip_udp_packet_sendto)
contiki-iris.a(uip6.o)        contiki-iris.a(tcpip.o) (uip_ext_len)
contiki-iris.a(adc.o)         sensornode.co (adc_init)
contiki-iris.a(contiki-iris-ma)
                              /usr/lib/gcc/avr/4.5.3/../../../avr/lib/avr51/crtm1281.o (main)
contiki-iris.a(init-net.o)    contiki-iris.a(contiki-iris-ma) (init_net)
contiki-iris.a(node-id.o)     contiki-iris.a(contiki-iris-ma) (node_id_restore)
contiki-iris.a(clock.o)       contiki-iris.a(contiki-iris-ma) (clock_init)
contiki-iris.a(ds2401.o)      contiki-iris.a(contiki-iris-ma) (ds2401_init)
contiki-iris.a(slip_uart0.o)  contiki-iris.a(contiki-iris-ma) (slip_arch_init)
contiki-iris.a(mda100cb.o)    sensornode.co (get_light)
contiki-iris.a(eeprom.o)      contiki-iris.a(node-id.o) (eeprom_write)
contiki-iris.a(leds.o)        contiki-iris.a(contiki-iris-ma) (leds_init)
contiki-iris.a(rf230bb.o)     contiki-iris.a(init-net.o) (rf230_set_channel)
contiki-iris.a(halbb.o)       contiki-iris.a(rf230bb.o) (hal_init)
contiki-iris.a(rimeaddr.o)    contiki-iris.a(init-net.o) (rimeaddr_copy)
contiki-iris.a(nullrdc.o)     contiki-iris.a(init-net.o) (nullrdc_driver)
contiki-iris.a(mac.o)         contiki-iris.a(nullrdc.o) (mac_call_sent_callback)
contiki-iris.a(framer-802154.o)
                              contiki-iris.a(nullrdc.o) (framer_802154)
contiki-iris.a(csma.o)        contiki-iris.a(init-net.o) (csma_driver)
contiki-iris.a(rpl.o)         contiki-iris.a(uip-ds6-nbr.o) (rpl_link_neighbor_callback)
contiki-iris.a(rpl-dag.o)     contiki-iris.a(rpl.o) (rpl_dag_init)
contiki-iris.a(rpl-icmp6.o)   contiki-iris.a(rpl.o) (dao_output_target)
contiki-iris.a(rpl-timers.o)  contiki-iris.a(rpl.o) (rpl_reset_periodic_timer)
contiki-iris.a(rpl-mrhof.o)   contiki-iris.a(rpl-dag.o) (rpl_mrhof)
contiki-iris.a(rpl-ext-header.)
                              contiki-iris.a(uip6.o) (rpl_verify_header)
contiki-iris.a(process.o)     contiki-iris.a(etimer.o) (process_current)
contiki-iris.a(autostart.o)   contiki-iris.a(contiki-iris-ma) (autostart_start)
contiki-iris.a(memb.o)        contiki-iris.a(uip-ds6-route.o) (memb_init)
contiki-iris.a(mmem.o)        contiki-iris.a(contiki-iris-ma) (mmem_init)
contiki-iris.a(timer.o)       contiki-iris.a(etimer.o) (timer_set)
contiki-iris.a(list.o)        contiki-iris.a(ctimer.o) (list_init)
contiki-iris.a(rtimer.o)      contiki-iris.a(contiki-iris-ma) (rtimer_init)
contiki-iris.a(stimer.o)      contiki-iris.a(tcpip.o) (stimer_set)
contiki-iris.a(nbr-table.o)   contiki-iris.a(uip-ds6-route.o) (nbr_table_register)
contiki-iris.a(packetbuf.o)   contiki-iris.a(framer-802154.o) (packetbuf_hdrreduce)
contiki-iris.a(queuebuf.o)    contiki-iris.a(init-net.o) (queuebuf_init)
contiki-iris.a(sicslowpan.o)  contiki-iris.a(init-net.o) (sicslowpan_driver)
contiki-iris.a(uip-icmp6.o)   contiki-iris.a(uip6.o) (uip_icmp6_echo_request_input)
contiki-iris.a(rs232.o)       contiki-iris.a(contiki-iris-ma) (rs232_init)
contiki-iris.a(leds-arch.o)   contiki-iris.a(leds.o) (leds_arch_init)
contiki-iris.a(rtimer-arch.o)
                              contiki-iris.a(rtimer.o) (rtimer_arch_init)
contiki-iris.a(slip.o)        contiki-iris.a(slip_uart0.o) (slip_input_byte)
contiki-iris.a(watchdog.o)    contiki-iris.a(sicslowpan.o) (watchdog_periodic)
contiki-iris.a(frame802154.o)
                              contiki-iris.a(framer-802154.o) (frame802154_hdrlen)
/usr/lib/gcc/avr/4.5.3/avr51/libgcc.a(_mulsi3.o)
                              contiki-iris.a(rpl.o) (__mulsi3)
/usr/lib/gcc/avr/4.5.3/avr51/libgcc.a(_udivmodhi4.o)
                              sensornode.co (__udivmodhi4)
/usr/lib/gcc/avr/4.5.3/avr51/libgcc.a(_divmodhi4.o)
                              contiki-iris.a(nbr-table.o) (__divmodhi4)
/usr/lib/gcc/avr/4.5.3/avr51/libgcc.a(_udivmodsi4.o)
                              contiki-iris.a(tcpip.o) (__udivmodsi4)
/usr/lib/gcc/avr/4.5.3/avr51/libgcc.a(_exit.o)
                              /usr/lib/gcc/avr/4.5.3/../../../avr/lib/avr51/crtm1281.o (exit)
/usr/lib/gcc/avr/4.5.3/avr51/libgcc.a(_copy_data.o)
                              sensornode.co (__do_copy_data)
/usr/lib/gcc/avr/4.5.3/avr51/libgcc.a(_clear_bss.o)
[...]
Memory Configuration

Name             Origin             Length             Attributes
text             0x00000000         0x00020000         xr
data             0x00800100         0x0000ff00         rw !x
eeprom           0x00810000         0x00010000         rw !x
fuse             0x00820000         0x00000400         rw !x
lock             0x00830000         0x00000400         rw !x
signature        0x00840000         0x00000400         rw !x
*default*        0x00000000         0xffffffff

Linker script and memory map

Address of section .data set to 0x800200
LOAD /usr/lib/gcc/avr/4.5.3/../../../avr/lib/avr51/crtm1281.o
Address of section .bootloader set to 0x1f800
LOAD sensornode.co
LOAD contiki-iris.a
LOAD /tmp/ccDkboUP.o
LOAD /usr/lib/gcc/avr/4.5.3/avr51/libgcc.a
LOAD /usr/lib/gcc/avr/4.5.3/../../../avr/lib/avr51/libc.a
LOAD /usr/lib/gcc/avr/4.5.3/avr51/libgcc.a

.hash
 *(.hash)

.dynsym
 *(.dynsym)

.dynstr
 *(.dynstr)

.gnu.version
 *(.gnu.version)

.gnu.version_d
 *(.gnu.version_d)

.gnu.version_r
 *(.gnu.version_r)

.rel.init
 *(.rel.init)

.rela.init
 *(.rela.init)

.rel.text
 *(.rel.text)
 *(.rel.text.*)
 *(.rel.gnu.linkonce.t*)

.rela.text
 *(.rela.text)
 *(.rela.text.*)
 *(.rela.gnu.linkonce.t*)

.rel.fini
 *(.rel.fini)

.rela.fini
 *(.rela.fini)

.rel.rodata
 *(.rel.rodata)
 *(.rel.rodata.*)
 *(.rel.gnu.linkonce.r*)

.rela.rodata
 *(.rela.rodata)
 *(.rela.rodata.*)
 *(.rela.gnu.linkonce.r*)

.rel.data
 *(.rel.data)
 *(.rel.data.*)
 *(.rel.gnu.linkonce.d*)

.rela.data
 *(.rela.data)
 *(.rela.data.*)
 *(.rela.gnu.linkonce.d*)

.rel.ctors
 *(.rel.ctors)

.rela.ctors
 *(.rela.ctors)

.rel.dtors
 *(.rel.dtors)

.rela.dtors
 *(.rela.dtors)

.rel.got
 *(.rel.got)

.rela.got
 *(.rela.got)

.rel.bss
 *(.rel.bss)

.rela.bss
 *(.rela.bss)

.rel.plt
 *(.rel.plt)

.rela.plt
 *(.rela.plt)

.text           0x00000000     0xc86c
 *(.vectors)
 .vectors       0x00000000       0xcc /usr/lib/gcc/avr/4.5.3/../../../avr/lib/avr51/crtm1281.o
                0x00000000                __vectors
                0x00000000                __vector_default
 *(.vectors)
 *(.progmem.gcc*)
 *(.progmem*)
 .progmem.data  0x000000cc       0x90 sensornode.co
 .progmem.data  0x0000015c        0xf contiki-iris.a(uip-debug.o)
 .progmem.data  0x0000016b       0x21 contiki-iris.a(contiki-iris-ma)
 .progmem.data  0x0000018c       0xba contiki-iris.a(init-net.o)
                0x00000246                . = ALIGN (0x2)
                0x00000246                __trampolines_start = .
 *(.trampolines)
 .trampolines   0x00000246        0x0 linker stubs
 *(.trampolines*)
                0x00000246                __trampolines_end = .
 *(.jumptables)
 *(.jumptables*)
 *(.lowtext)
 *(.lowtext*)
                0x00000246                __ctors_start = .
 *(.ctors)
                0x00000246                __ctors_end = .
                0x00000246                __dtors_start = .
 *(.dtors)
                0x00000246                __dtors_end = .
 SORT(*)(.ctors)
 SORT(*)(.dtors)
 *(.init0)
 .init0         0x00000246        0x0 /usr/lib/gcc/avr/4.5.3/../../../avr/lib/avr51/crtm1281.o
                0x00000246                __init
 *(.init0)
 *(.init1)
 *(.init1)
 *(.init2)
 .init2         0x00000246        0xc /usr/lib/gcc/avr/4.5.3/../../../avr/lib/avr51/crtm1281.o
 *(.init2)
 *(.init3)
 *(.init3)
 *(.init4)
 .init4         0x00000252       0x1a /usr/lib/gcc/avr/4.5.3/avr51/libgcc.a(_copy_data.o)
                0x00000252                __do_copy_data
 .init4         0x0000026c       0x10 /usr/lib/gcc/avr/4.5.3/avr51/libgcc.a(_clear_bss.o)
                0x0000026c                __do_clear_bss
 *(.init4)
 *(.init5)
 *(.init5)
 *(.init6)
 *(.init6)
 *(.init7)
 *(.init7)
 *(.init8)
 *(.init8)
 *(.init9)
 .init9         0x0000027c        0x8 /usr/lib/gcc/avr/4.5.3/../../../avr/lib/avr51/crtm1281.o
 *(.init9)
 *(.text)
 .text          0x00000284        0x4 /usr/lib/gcc/avr/4.5.3/../../../avr/lib/avr51/crtm1281.o
                0x00000284                __vector_38
                0x00000284                __vector_22
                0x00000284                __vector_28
                0x00000284                __vector_1
                0x00000284                __vector_34
                0x00000284                __vector_24
                0x00000284                __vector_12
                0x00000284                __vector_46
                0x00000284                __bad_interrupt
                0x00000284                __vector_6
                0x00000284                __vector_31
                0x00000284                __vector_35
                0x00000284                __vector_39
                0x00000284                __vector_3
                0x00000284                __vector_23
                0x00000284                __vector_30
                0x00000284                __vector_45
                0x00000284                __vector_11
                0x00000284                __vector_13
                0x00000284                __vector_17
                0x00000284                __vector_19
                0x00000284                __vector_7
                0x00000284                __vector_49
                0x00000284                __vector_41
                0x00000284                __vector_43
                0x00000284                __vector_27
                0x00000284                __vector_5
                0x00000284                __vector_33
                0x00000284                __vector_47
                0x00000284                __vector_37
                0x00000284                __vector_4
                0x00000284                __vector_44
                0x00000284                __vector_9
                0x00000284                __vector_2
                0x00000284                __vector_15
                0x00000284                __vector_29
                0x00000284                __vector_40
                0x00000284                __vector_8
                0x00000284                __vector_26
                0x00000284                __vector_48
                0x00000284                __vector_14
                0x00000284                __vector_10
                0x00000284                __vector_50
                0x00000284                __vector_18
                0x00000284                __vector_20
                0x00000284                __vector_42
 .text          0x00000288      0x350 /usr/lib/gcc/avr/4.5.3/avr51/libgcc.a(_addsub_sf.o)
                0x0000051c                __addsf3
                0x00000576                __subsf3
 .text          0x000005d8      0x1f4 /usr/lib/gcc/avr/4.5.3/avr51/libgcc.a(_mul_sf.o)
                0x000005d8                __mulsf3
 .text          0x000007cc       0xc0 /usr/lib/gcc/avr/4.5.3/avr51/libgcc.a(_si_to_sf.o)
                0x000007cc                __floatsisf
 .text          0x0000088c       0xb4 /usr/lib/gcc/avr/4.5.3/avr51/libgcc.a(_clzsi2.o)
                0x0000088c                __clzsi2
 .text          0x00000940      0x19c /usr/lib/gcc/avr/4.5.3/avr51/libgcc.a(_pack_sf.o)
                0x00000940                __pack_f
 .text          0x00000adc       0xd2 /usr/lib/gcc/avr/4.5.3/avr51/libgcc.a(_unpack_sf.o)
                0x00000adc                __unpack_f
                0x00000bae                . = ALIGN (0x2)
 *(.text.*)
 .text.process_thread_udp_client_process
                0x00000bae      0x2ae sensornode.co
 .text.send_packet
                0x00000e5c      0x124 sensornode.co
 .text.update_time
                0x00000f80       0x64 contiki-iris.a(etimer.o)
 .text.etimer_request_poll
                0x00000fe4        0xa contiki-iris.a(etimer.o)
                0x00000fe4                etimer_request_poll
 .text.process_thread_etimer_process
                0x00000fee      0x11a contiki-iris.a(etimer.o)
 .text.add_timer
                0x00001108       0x64 contiki-iris.a(etimer.o)
 .text.etimer_set
                0x0000116c       0x16 contiki-iris.a(etimer.o)
                0x0000116c                etimer_set
 .text.etimer_reset
                0x00001182       0x16 contiki-iris.a(etimer.o)
                0x00001182                etimer_reset
 .text.etimer_restart
                0x00001198       0x16 contiki-iris.a(etimer.o)
                0x00001198                etimer_restart
 .text.etimer_expired
                0x000011ae       0x16 contiki-iris.a(etimer.o)
                0x000011ae                etimer_expired
 .text.etimer_expiration_time
                0x000011c4       0x12 contiki-iris.a(etimer.o)
                0x000011c4                etimer_expiration_time
 .text.etimer_pending
                0x000011d6       0x18 contiki-iris.a(etimer.o)
                0x000011d6                etimer_pending
 .text.etimer_stop
                0x000011ee       0x50 contiki-iris.a(etimer.o)
                0x000011ee                etimer_stop
 .text.process_thread_ctimer_process
                0x0000123e       0xe6 contiki-iris.a(ctimer.o)
 .text.ctimer_init
                0x00001324       0x1a contiki-iris.a(ctimer.o)
                0x00001324                ctimer_init
 .text.ctimer_set
                0x0000133e       0x66 contiki-iris.a(ctimer.o)
                0x0000133e                ctimer_set
 .text.ctimer_reset
                0x000013a4       0x54 contiki-iris.a(ctimer.o)
                0x000013a4                ctimer_reset
 .text.ctimer_stop
                0x000013f8       0x30 contiki-iris.a(ctimer.o)
                0x000013f8                ctimer_stop
 .text.random_init
                0x00001428        0x6 contiki-iris.a(random.o)
                0x00001428                random_init
 .text.random_rand
                0x0000142e        0x6 contiki-iris.a(random.o)
                0x0000142e                random_rand
 .text.start_periodic_tcp_timer
                0x00001434       0x16 contiki-iris.a(tcpip.o)
 .text.tcpip_output
                0x0000144a       0x14 contiki-iris.a(tcpip.o)
                0x0000144a                tcpip_output
 .text.tcpip_set_outputfunc
                0x0000145e        0xa contiki-iris.a(tcpip.o)
                0x0000145e                tcpip_set_outputfunc
 .text.udp_new  0x00001468       0x28 contiki-iris.a(tcpip.o)
                0x00001468                udp_new
 .text.tcpip_input
                0x00001490       0x1c contiki-iris.a(tcpip.o)
                0x00001490                tcpip_input
 .text.tcpip_ipv6_output
                0x000014ac      0x1ac contiki-iris.a(tcpip.o)
                0x000014ac                tcpip_ipv6_output
 .text.process_thread_tcpip_process
                0x00001658      0x240 contiki-iris.a(tcpip.o)
 .text.tcpip_uipcall
                0x00001898       0x86 contiki-iris.a(tcpip.o)
                0x00001898                tcpip_uipcall
 .text.uip_debug_ipaddr_print
                0x0000191e      0x114 contiki-iris.a(uip-debug.o)
                0x0000191e                uip_debug_ipaddr_print
 .text.call_route_callback
                0x00001a32       0x74 contiki-iris.a(uip-ds6-route.o)
 .text.uip_ds6_route_init
                0x00001aa6       0x2e contiki-iris.a(uip-ds6-route.o)
                0x00001aa6                uip_ds6_route_init
 .text.uip_ds6_route_nexthop
                0x00001ad4       0x22 contiki-iris.a(uip-ds6-route.o)
                0x00001ad4                uip_ds6_route_nexthop
 .text.uip_ds6_route_head
                0x00001af6       0x44 contiki-iris.a(uip-ds6-route.o)
                0x00001af6                uip_ds6_route_head
 .text.uip_ds6_route_next
                0x00001b3a       0x60 contiki-iris.a(uip-ds6-route.o)
                0x00001b3a                uip_ds6_route_next
 .text.uip_ds6_route_lookup
                0x00001b9a       0x64 contiki-iris.a(uip-ds6-route.o)
                0x00001b9a                uip_ds6_route_lookup
 .text.uip_ds6_route_add
                0x00001bfe      0x10a contiki-iris.a(uip-ds6-route.o)
                0x00001bfe                uip_ds6_route_add
 .text.uip_ds6_route_rm
                0x00001d08       0x74 contiki-iris.a(uip-ds6-route.o)
                0x00001d08                uip_ds6_route_rm
 .text.rm_routelist
                0x00001d7c       0x3a contiki-iris.a(uip-ds6-route.o)
 .text.rm_routelist_callback
                0x00001db6        0x6 contiki-iris.a(uip-ds6-route.o)
 .text.uip_ds6_defrt_rm
                0x00001dbc       0x66 contiki-iris.a(uip-ds6-route.o)
                0x00001dbc                uip_ds6_defrt_rm
 .text.uip_ds6_defrt_lookup
                0x00001e22       0x54 contiki-iris.a(uip-ds6-route.o)
                0x00001e22                uip_ds6_defrt_lookup
 .text.uip_ds6_defrt_add
                0x00001e76       0x9a contiki-iris.a(uip-ds6-route.o)
                0x00001e76                uip_ds6_defrt_add
 .text.uip_ds6_defrt_choose
                0x00001f10       0x54 contiki-iris.a(uip-ds6-route.o)
                0x00001f10                uip_ds6_defrt_choose
 .text.uip_ds6_defrt_periodic
                0x00001f64       0x4a contiki-iris.a(uip-ds6-route.o)
                0x00001f64                uip_ds6_defrt_periodic
 .text.uip_ds6_nbr_rm
                0x00001fae       0x22 contiki-iris.a(uip-ds6-nbr.o)
                0x00001fae                uip_ds6_nbr_rm
 .text.uip_ds6_neighbors_init
                0x00001fd0       0x12 contiki-iris.a(uip-ds6-nbr.o)
                0x00001fd0                uip_ds6_neighbors_init
 .text.uip_ds6_nbr_add
                0x00001fe2       0x88 contiki-iris.a(uip-ds6-nbr.o)
                0x00001fe2                uip_ds6_nbr_add
 .text.uip_ds6_nbr_get_ll
                0x0000206a       0x10 contiki-iris.a(uip-ds6-nbr.o)
                0x0000206a                uip_ds6_nbr_get_ll
 .text.uip_ds6_nbr_lookup
                0x0000207a       0x6a contiki-iris.a(uip-ds6-nbr.o)
                0x0000207a                uip_ds6_nbr_lookup
 .text.uip_ds6_nbr_ll_lookup
                0x000020e4       0x10 contiki-iris.a(uip-ds6-nbr.o)
                0x000020e4                uip_ds6_nbr_ll_lookup
 .text.uip_ds6_nbr_ipaddr_from_lladdr
                0x000020f4        0x6 contiki-iris.a(uip-ds6-nbr.o)
                0x000020f4                uip_ds6_nbr_ipaddr_from_lladdr
 .text.uip_ds6_nbr_lladdr_from_ipaddr
                0x000020fa       0x18 contiki-iris.a(uip-ds6-nbr.o)
                0x000020fa                uip_ds6_nbr_lladdr_from_ipaddr
 .text.uip_ds6_link_neighbor_callback
                0x00002112       0x32 contiki-iris.a(uip-ds6-nbr.o)
                0x00002112                uip_ds6_link_neighbor_callback
 .text.uip_ds6_neighbor_periodic
                0x00002144      0x16c contiki-iris.a(uip-ds6-nbr.o)
                0x00002144                uip_ds6_neighbor_periodic
 .text.uip_ds6_list_loop
                0x000022b0       0x98 contiki-iris.a(uip-ds6.o)
                0x000022b0                uip_ds6_list_loop
 .text.uip_ds6_prefix_add
                0x00002348       0xce contiki-iris.a(uip-ds6.o)
                0x00002348                uip_ds6_prefix_add
 .text.uip_ds6_is_addr_onlink
                0x00002416       0x60 contiki-iris.a(uip-ds6.o)
                0x00002416                uip_ds6_is_addr_onlink
 .text.uip_ds6_addr_lookup
                0x00002476       0x3c contiki-iris.a(uip-ds6.o)
                0x00002476                uip_ds6_addr_lookup
 .text.uip_ds6_get_link_local
                0x000024b2       0x58 contiki-iris.a(uip-ds6.o)
                0x000024b2                uip_ds6_get_link_local
 .text.uip_ds6_maddr_add
                0x0000250a       0x6e contiki-iris.a(uip-ds6.o)
                0x0000250a                uip_ds6_maddr_add
 .text.uip_ds6_addr_add
                0x00002578      0x108 contiki-iris.a(uip-ds6.o)
                0x00002578                uip_ds6_addr_add
 .text.uip_ds6_maddr_lookup
                0x00002680       0x3c contiki-iris.a(uip-ds6.o)
                0x00002680                uip_ds6_maddr_lookup
 .text.uip_ds6_addr_rm
                0x000026bc       0x76 contiki-iris.a(uip-ds6.o)
                0x000026bc                uip_ds6_addr_rm
 .text.uip_ds6_periodic
                0x00002732       0x5e contiki-iris.a(uip-ds6.o)
                0x00002732                uip_ds6_periodic
 .text.uip_ds6_set_addr_iid
                0x00002790       0x28 contiki-iris.a(uip-ds6.o)
                0x00002790                uip_ds6_set_addr_iid
 .text.get_match_length
                0x000027b8       0x34 contiki-iris.a(uip-ds6.o)
                0x000027b8                get_match_length
 .text.uip_ds6_select_src
                0x000027ec       0xdc contiki-iris.a(uip-ds6.o)
                0x000027ec                uip_ds6_select_src
 .text.uip_ds6_compute_reachable_time
                0x000028c8       0x5c contiki-iris.a(uip-ds6.o)
                0x000028c8                uip_ds6_compute_reachable_time
 .text.uip_ds6_init
                0x00002924      0x1bc contiki-iris.a(uip-ds6.o)
                0x00002924                uip_ds6_init
 .text.create_llao
                0x00002ae0       0x2e contiki-iris.a(uip-nd6.o)
 .text.uip_nd6_ns_input
                0x00002b0e      0x370 contiki-iris.a(uip-nd6.o)
                0x00002b0e                uip_nd6_ns_input
 .text.uip_nd6_ns_output
                0x00002e7e      0x1ae contiki-iris.a(uip-nd6.o)
                0x00002e7e                uip_nd6_ns_output
 .text.uip_nd6_na_input
                0x0000302c      0x230 contiki-iris.a(uip-nd6.o)
                0x0000302c                uip_nd6_na_input
 .text.uip_udp_packet_send
                0x0000325c       0x46 contiki-iris.a(uip-udp-packet.)
                0x0000325c                uip_udp_packet_send
 .text.uip_udp_packet_sendto
                0x000032a2       0x8a contiki-iris.a(uip-udp-packet.)
                0x000032a2                uip_udp_packet_sendto
 .text.chksum   0x0000332c       0x50 contiki-iris.a(uip6.o)
 .text.upper_layer_chksum
                0x0000337c       0x6e contiki-iris.a(uip6.o)
 .text.ext_hdr_options_process
                0x000033ea       0xea contiki-iris.a(uip6.o)
 .text.uip_add32
                0x000034d4       0x70 contiki-iris.a(uip6.o)
                0x000034d4                uip_add32
 .text.uip_add_rcv_nxt
                0x00003544       0x32 contiki-iris.a(uip6.o)
 .text.uip_icmp6chksum
                0x00003576        0x8 contiki-iris.a(uip6.o)
                0x00003576                uip_icmp6chksum
 .text.uip_tcpchksum
                0x0000357e        0x8 contiki-iris.a(uip6.o)
                0x0000357e                uip_tcpchksum
 .text.uip_udpchksum
                0x00003586        0x8 contiki-iris.a(uip6.o)
                0x00003586                uip_udpchksum
 .text.uip_init
                0x0000358e       0x7e contiki-iris.a(uip6.o)
                0x0000358e                uip_init
 .text.remove_ext_hdr
                0x0000360c       0x6e contiki-iris.a(uip6.o)
                0x0000360c                remove_ext_hdr
 .text.uip_udp_new
                0x0000367a      0x106 contiki-iris.a(uip6.o)
                0x0000367a                uip_udp_new
 .text.uip_unlisten
                0x00003780       0x34 contiki-iris.a(uip6.o)
                0x00003780                uip_unlisten
 .text.uip_process
                0x000037b4     0x113c contiki-iris.a(uip6.o)
                0x000037b4                uip_process
 .text.uip_htonl
                0x000048f0       0x26 contiki-iris.a(uip6.o)
                0x000048f0                uip_htonl
 .text.adc_init
                0x00004916       0x1e contiki-iris.a(adc.o)
                0x00004916                adc_init
 .text.get_adc  0x00004934       0x58 contiki-iris.a(adc.o)
                0x00004934                get_adc
 .text.init_usart
                0x0000498c       0x18 contiki-iris.a(contiki-iris-ma)
                0x0000498c                init_usart
 .text.main     0x000049a4       0x96 contiki-iris.a(contiki-iris-ma)
                0x000049a4                main
 .text.init_net
                0x00004a3a      0x332 contiki-iris.a(init-net.o)
                0x00004a3a                init_net
 .text.node_id_restore
                0x00004d6c       0x58 contiki-iris.a(node-id.o)
                0x00004d6c                node_id_restore
 .text.clock_init
                0x00004dc4       0x20 contiki-iris.a(clock.o)
                0x00004dc4                clock_init
 .text.clock_time
                0x00004de4       0x1a contiki-iris.a(clock.o)
                0x00004de4                clock_time
 .text.clock_seconds
                0x00004dfe       0x30 contiki-iris.a(clock.o)
                0x00004dfe                clock_seconds
 .text.__vector_21
                0x00004e2e       0xa6 contiki-iris.a(clock.o)
                0x00004e2e                __vector_21
 .text.read_byte
                0x00004ed4       0x42 contiki-iris.a(ds2401.o)
 .text.crc8_add
                0x00004f16       0x28 contiki-iris.a(ds2401.o)
 .text.ds2401_init
                0x00004f3e      0x126 contiki-iris.a(ds2401.o)
                0x00004f3e                ds2401_init
 .text.slip_putchar
                0x00005064       0x42 contiki-iris.a(slip_uart0.o)
 .text.slip_arch_init
                0x000050a6       0x18 contiki-iris.a(slip_uart0.o)
                0x000050a6                slip_arch_init
 .text.get_light
                0x000050be       0x16 contiki-iris.a(mda100cb.o)
                0x000050be                get_light
 .text.get_temp
                0x000050d4       0x16 contiki-iris.a(mda100cb.o)
                0x000050d4                get_temp
 .text.get_battery
                0x000050ea       0x12 contiki-iris.a(mda100cb.o)
                0x000050ea                get_battery
 .text.eeprom_read
                0x000050fc       0x10 contiki-iris.a(eeprom.o)
                0x000050fc                eeprom_read
 .text.show_leds.clone.0
                0x0000510c       0x10 contiki-iris.a(leds.o)
 .text.leds_init
                0x0000511c        0xe contiki-iris.a(leds.o)
                0x0000511c                leds_init
 .text.leds_on  0x0000512a       0x10 contiki-iris.a(leds.o)
                0x0000512a                leds_on
 .text.leds_off
                0x0000513a       0x12 contiki-iris.a(leds.o)
                0x0000513a                leds_off
 .text.flushrx  0x0000514c       0x22 contiki-iris.a(rf230bb.o)
 .text.rf230_pending_packet
                0x0000516e        0x8 contiki-iris.a(rf230bb.o)
 .text.rf230_isidle
                0x00005176       0x32 contiki-iris.a(rf230bb.o)
 .text.rf230_waitidle
                0x000051a8        0xe contiki-iris.a(rf230bb.o)
 .text.rf230_receiving_packet
                0x000051b6       0x28 contiki-iris.a(rf230bb.o)
 .text.radio_reset_state_machine
                0x000051de       0x24 contiki-iris.a(rf230bb.o)
 .text.radio_off
                0x00005202       0x18 contiki-iris.a(rf230bb.o)
 .text.rf230_off
                0x0000521a       0x16 contiki-iris.a(rf230bb.o)
 .text.set_txpower
                0x00005230       0x18 contiki-iris.a(rf230bb.o)
 .text.rf230_prepare
                0x00005248       0x2a contiki-iris.a(rf230bb.o)
 .text.radio_get_trx_state
                0x00005272        0xc contiki-iris.a(rf230bb.o)
                0x00005272                radio_get_trx_state
 .text.radio_set_trx_state
                0x0000527e       0xba contiki-iris.a(rf230bb.o)
 .text.radio_on
                0x00005338       0x20 contiki-iris.a(rf230bb.o)
 .text.rf230_on
                0x00005358       0x12 contiki-iris.a(rf230bb.o)
 .text.rf230_cca
                0x0000536a       0x84 contiki-iris.a(rf230bb.o)
 .text.rf230_warm_reset
                0x000053ee       0x44 contiki-iris.a(rf230bb.o)
                0x000053ee                rf230_warm_reset
 .text.rf230_init
                0x00005432       0x66 contiki-iris.a(rf230bb.o)
                0x00005432                rf230_init
 .text.rf230_set_channel
                0x00005498       0x28 contiki-iris.a(rf230bb.o)
                0x00005498                rf230_set_channel
 .text.rf230_set_pan_addr
                0x000054c0       0xe4 contiki-iris.a(rf230bb.o)
                0x000054c0                rf230_set_pan_addr
 .text.rf230_interrupt
                0x000055a4       0x14 contiki-iris.a(rf230bb.o)
                0x000055a4                rf230_interrupt
 .text.rf230_read
                0x000055b8      0x122 contiki-iris.a(rf230bb.o)
 .text.process_thread_rf230_process
                0x000056da       0x7c contiki-iris.a(rf230bb.o)
 .text.rf230_get_txpower
                0x00005756       0x14 contiki-iris.a(rf230bb.o)
                0x00005756                rf230_get_txpower
 .text.rf230_transmit
                0x0000576a       0xa2 contiki-iris.a(rf230bb.o)
 .text.rf230_send
                0x0000580c       0x20 contiki-iris.a(rf230bb.o)
 .text.hal_init
                0x0000582c       0x2e contiki-iris.a(halbb.o)
                0x0000582c                hal_init
 .text.hal_register_read
                0x0000585a       0x36 contiki-iris.a(halbb.o)
                0x0000585a                hal_register_read
 .text.hal_register_write
                0x00005890       0x36 contiki-iris.a(halbb.o)
                0x00005890                hal_register_write
 .text.hal_subregister_read
                0x000058c6       0x2e contiki-iris.a(halbb.o)
                0x000058c6                hal_subregister_read
 .text.hal_subregister_write
                0x000058f4       0x54 contiki-iris.a(halbb.o)
                0x000058f4                hal_subregister_write
 .text.hal_frame_read
                0x00005948       0x82 contiki-iris.a(halbb.o)
                0x00005948                hal_frame_read
 .text.hal_frame_write
                0x000059ca       0x54 contiki-iris.a(halbb.o)
                0x000059ca                hal_frame_write
 .text.__vector_16
                0x00005a1e       0xfa contiki-iris.a(halbb.o)
                0x00005a1e                __vector_16
 .text.rimeaddr_copy
                0x00005b18       0x18 contiki-iris.a(rimeaddr.o)
                0x00005b18                rimeaddr_copy
 .text.rimeaddr_cmp
                0x00005b30       0x18 contiki-iris.a(rimeaddr.o)
                0x00005b30                rimeaddr_cmp
 .text.rimeaddr_set_node_addr
                0x00005b48        0xc contiki-iris.a(rimeaddr.o)
                0x00005b48                rimeaddr_set_node_addr
 .text.on       0x00005b54        0xc contiki-iris.a(nullrdc.o)
 .text.off      0x00005b60       0x1c contiki-iris.a(nullrdc.o)
 .text.channel_check_interval
                0x00005b7c        0x6 contiki-iris.a(nullrdc.o)
 .text.init     0x00005b82        0x6 contiki-iris.a(nullrdc.o)
 .text.packet_input
                0x00005b88       0x42 contiki-iris.a(nullrdc.o)
 .text.send_one_packet
                0x00005bca       0x9e contiki-iris.a(nullrdc.o)
 .text.send_list
                0x00005c68       0x42 contiki-iris.a(nullrdc.o)
 .text.send_packet
                0x00005caa        0x6 contiki-iris.a(nullrdc.o)
 .text.mac_call_sent_callback
                0x00005cb0       0x10 contiki-iris.a(mac.o)
                0x00005cb0                mac_call_sent_callback
 .text.parse    0x00005cc0       0xde contiki-iris.a(framer-802154.o)
 .text.create   0x00005d9e      0x130 contiki-iris.a(framer-802154.o)
 .text.default_timebase
                0x00005ece       0x18 contiki-iris.a(csma.o)
 .text.input_packet
                0x00005ee6        0xc contiki-iris.a(csma.o)
 .text.on       0x00005ef2        0xc contiki-iris.a(csma.o)
 .text.off      0x00005efe        0xc contiki-iris.a(csma.o)
 .text.channel_check_interval
                0x00005f0a       0x1a contiki-iris.a(csma.o)
 .text.transmit_packet_list
                0x00005f24       0x3e contiki-iris.a(csma.o)
 .text.send_packet
                0x00005f62      0x1bc contiki-iris.a(csma.o)
 .text.free_packet
                0x0000611e       0x8c contiki-iris.a(csma.o)
 .text.packet_sent
                0x000061aa      0x156 contiki-iris.a(csma.o)
 .text.init     0x00006300       0x1a contiki-iris.a(csma.o)
 .text.rpl_purge_routes
                0x0000631a       0xd4 contiki-iris.a(rpl.o)
                0x0000631a                rpl_purge_routes
 .text.rpl_remove_routes
                0x000063ee       0x2c contiki-iris.a(rpl.o)
                0x000063ee                rpl_remove_routes
 .text.rpl_remove_routes_by_nexthop
                0x0000641a       0x56 contiki-iris.a(rpl.o)
                0x0000641a                rpl_remove_routes_by_nexthop
 .text.rpl_add_route
                0x00006470       0x62 contiki-iris.a(rpl.o)
                0x00006470                rpl_add_route
 .text.rpl_link_neighbor_callback
                0x000064d2       0xae contiki-iris.a(rpl.o)
                0x000064d2                rpl_link_neighbor_callback
 .text.rpl_ipv6_neighbor_callback
                0x00006580       0x28 contiki-iris.a(rpl.o)
                0x00006580                rpl_ipv6_neighbor_callback
 .text.rpl_init
                0x000065a8       0x66 contiki-iris.a(rpl.o)
                0x000065a8                rpl_init
 .text.lollipop_greater_than
                0x0000660e       0x52 contiki-iris.a(rpl-dag.o)
 .text.find_parent_any_dag_any_instance
                0x00006660       0x14 contiki-iris.a(rpl-dag.o)
 .text.rpl_set_preferred_parent
                0x00006674       0x3e contiki-iris.a(rpl-dag.o)
 .text.set_ip_from_prefix
                0x000066b2       0x44 contiki-iris.a(rpl-dag.o)
 .text.check_prefix
                0x000066f6       0xbe contiki-iris.a(rpl-dag.o)
 .text.rpl_dag_init
                0x000067b4        0xe contiki-iris.a(rpl-dag.o)
                0x000067b4                rpl_dag_init
 .text.rpl_get_parent_ipaddr
                0x000067c2       0x10 contiki-iris.a(rpl-dag.o)
                0x000067c2                rpl_get_parent_ipaddr
 .text.rpl_set_prefix
                0x000067d2       0xbe contiki-iris.a(rpl-dag.o)
                0x000067d2                rpl_set_prefix
 .text.rpl_set_default_route
                0x00006890       0x9c contiki-iris.a(rpl-dag.o)
                0x00006890                rpl_set_default_route
 .text.rpl_alloc_instance
                0x0000692c       0x2a contiki-iris.a(rpl-dag.o)
                0x0000692c                rpl_alloc_instance
 .text.rpl_add_parent
                0x00006956       0x4e contiki-iris.a(rpl-dag.o)
                0x00006956                rpl_add_parent
 .text.rpl_find_parent
                0x000069a4       0x28 contiki-iris.a(rpl-dag.o)
                0x000069a4                rpl_find_parent
 .text.rpl_find_parent_any_dag
                0x000069cc       0x34 contiki-iris.a(rpl-dag.o)
                0x000069cc                rpl_find_parent_any_dag
 .text.rpl_select_parent
                0x00006a00       0x88 contiki-iris.a(rpl-dag.o)
                0x00006a00                rpl_select_parent
 .text.rpl_select_dag
                0x00006a88      0x262 contiki-iris.a(rpl-dag.o)
                0x00006a88                rpl_select_dag
 .text.rpl_nullify_parent
                0x00006cea       0x68 contiki-iris.a(rpl-dag.o)
                0x00006cea                rpl_nullify_parent
 .text.rpl_remove_parent
                0x00006d52       0x1a contiki-iris.a(rpl-dag.o)
                0x00006d52                rpl_remove_parent
 .text.remove_parents.clone.2
                0x00006d6c       0x44 contiki-iris.a(rpl-dag.o)
 .text.rpl_free_dag
                0x00006db0       0x34 contiki-iris.a(rpl-dag.o)
                0x00006db0                rpl_free_dag
 .text.rpl_free_instance
                0x00006de4       0x80 contiki-iris.a(rpl-dag.o)
                0x00006de4                rpl_free_instance
 .text.rpl_move_parent
                0x00006e64       0x92 contiki-iris.a(rpl-dag.o)
                0x00006e64                rpl_move_parent
 .text.rpl_get_any_dag
                0x00006ef6       0x1e contiki-iris.a(rpl-dag.o)
                0x00006ef6                rpl_get_any_dag
 .text.rpl_get_instance
                0x00006f14       0x1e contiki-iris.a(rpl-dag.o)
                0x00006f14                rpl_get_instance
 .text.get_dag  0x00006f32       0x6a contiki-iris.a(rpl-dag.o)
 .text.rpl_alloc_dag
                0x00006f9c       0x6c contiki-iris.a(rpl-dag.o)
                0x00006f9c                rpl_alloc_dag
 .text.rpl_repair_root
                0x00007008       0x56 contiki-iris.a(rpl-dag.o)
                0x00007008                rpl_repair_root
 .text.rpl_find_of
                0x0000705e       0x1c contiki-iris.a(rpl-dag.o)
                0x0000705e                rpl_find_of
 .text.rpl_join_instance
                0x0000707a      0x1f6 contiki-iris.a(rpl-dag.o)
                0x0000707a                rpl_join_instance
 .text.rpl_local_repair
                0x00007270       0xc0 contiki-iris.a(rpl-dag.o)
                0x00007270                rpl_local_repair
 .text.rpl_process_parent_event
                0x00007330       0xb8 contiki-iris.a(rpl-dag.o)
                0x00007330                rpl_process_parent_event
 .text.rpl_recalculate_ranks
                0x000073e8       0x56 contiki-iris.a(rpl-dag.o)
                0x000073e8                rpl_recalculate_ranks
 .text.rpl_add_dag
                0x0000743e      0x1ae contiki-iris.a(rpl-dag.o)
                0x0000743e                rpl_add_dag
 .text.rpl_process_dio
                0x000075ec      0x332 contiki-iris.a(rpl-dag.o)
                0x000075ec                rpl_process_dio
 .text.get32    0x0000791e       0x5a contiki-iris.a(rpl-icmp6.o)
 .text.set32    0x00007978       0x22 contiki-iris.a(rpl-icmp6.o)
 .text.get16    0x0000799a       0x16 contiki-iris.a(rpl-icmp6.o)
 .text.set16    0x000079b0        0xc contiki-iris.a(rpl-icmp6.o)
 .text.dis_output
                0x000079bc       0x80 contiki-iris.a(rpl-icmp6.o)
                0x000079bc                dis_output
 .text.dio_output
                0x00007a3c      0x35e contiki-iris.a(rpl-icmp6.o)
                0x00007a3c                dio_output
 .text.dao_output_target
                0x00007d9a       0xe8 contiki-iris.a(rpl-icmp6.o)
                0x00007d9a                dao_output_target
 .text.dao_output
                0x00007e82       0x84 contiki-iris.a(rpl-icmp6.o)
                0x00007e82                dao_output
 .text.dao_ack_output
                0x00007f06       0x2e contiki-iris.a(rpl-icmp6.o)
                0x00007f06                dao_ack_output
 .text.uip_rpl_input
                0x00007f34      0x748 contiki-iris.a(rpl-icmp6.o)
                0x00007f34                uip_rpl_input
 .text.new_dio_interval
                0x0000867c       0xb2 contiki-iris.a(rpl-timers.o)
 .text.handle_dao_timer
                0x0000872e       0x66 contiki-iris.a(rpl-timers.o)
 .text.handle_dio_timer
                0x00008794       0xc2 contiki-iris.a(rpl-timers.o)
 .text.handle_periodic_timer
                0x00008856       0x4a contiki-iris.a(rpl-timers.o)
 .text.rpl_reset_periodic_timer
                0x000088a0       0x44 contiki-iris.a(rpl-timers.o)
                0x000088a0                rpl_reset_periodic_timer
 .text.rpl_reset_dio_timer
                0x000088e4       0x24 contiki-iris.a(rpl-timers.o)
                0x000088e4                rpl_reset_dio_timer
 .text.rpl_schedule_dao
                0x00008908       0x46 contiki-iris.a(rpl-timers.o)
                0x00008908                rpl_schedule_dao
 .text.reset    0x0000894e        0x2 contiki-iris.a(rpl-mrhof.o)
 .text.neighbor_link_callback
                0x00008950       0x88 contiki-iris.a(rpl-mrhof.o)
 .text.calculate_rank
                0x000089d8       0x3a contiki-iris.a(rpl-mrhof.o)
 .text.best_dag
                0x00008a12       0x40 contiki-iris.a(rpl-mrhof.o)
 .text.best_parent
                0x00008a52       0x7c contiki-iris.a(rpl-mrhof.o)
 .text.update_metric_container
                0x00008ace        0x6 contiki-iris.a(rpl-mrhof.o)
 .text.rpl_verify_header
                0x00008ad4       0xce contiki-iris.a(rpl-ext-header.)
                0x00008ad4                rpl_verify_header
 .text.rpl_update_header_empty
                0x00008ba2      0x15e contiki-iris.a(rpl-ext-header.)
                0x00008ba2                rpl_update_header_empty
 .text.rpl_update_header_final
                0x00008d00       0xd8 contiki-iris.a(rpl-ext-header.)
                0x00008d00                rpl_update_header_final
 .text.rpl_invert_header
                0x00008dd8       0x5c contiki-iris.a(rpl-ext-header.)
                0x00008dd8                rpl_invert_header
 .text.rpl_insert_header
                0x00008e34       0x22 contiki-iris.a(rpl-ext-header.)
                0x00008e34                rpl_insert_header
 .text.call_process
                0x00008e56       0x52 contiki-iris.a(process.o)
 .text.exit_process
                0x00008ea8       0xd8 contiki-iris.a(process.o)
 .text.do_poll  0x00008f80       0x3e contiki-iris.a(process.o)
 .text.process_alloc_event
                0x00008fbe        0xe contiki-iris.a(process.o)
                0x00008fbe                process_alloc_event
 .text.process_init
                0x00008fcc       0x24 contiki-iris.a(process.o)
                0x00008fcc                process_init
 .text.process_run
                0x00008ff0       0xd2 contiki-iris.a(process.o)
                0x00008ff0                process_run
 .text.process_post
                0x000090c2       0x56 contiki-iris.a(process.o)
                0x000090c2                process_post
 .text.process_post_synch
                0x00009118       0x1e contiki-iris.a(process.o)
                0x00009118                process_post_synch
 .text.process_start
                0x00009136       0x46 contiki-iris.a(process.o)
                0x00009136                process_start
 .text.process_poll
                0x0000917c       0x18 contiki-iris.a(process.o)
                0x0000917c                process_poll
 .text.autostart_start
                0x00009194       0x2e contiki-iris.a(autostart.o)
                0x00009194                autostart_start
 .text.memb_init
                0x000091c2       0x40 contiki-iris.a(memb.o)
                0x000091c2                memb_init
 .text.memb_alloc
                0x00009202       0x4c contiki-iris.a(memb.o)
                0x00009202                memb_alloc
 .text.memb_free
                0x0000924e       0x4a contiki-iris.a(memb.o)
                0x0000924e                memb_free
 .text.memb_inmemb
                0x00009298       0x3a contiki-iris.a(memb.o)
                0x00009298                memb_inmemb
 .text.mmem_init
                0x000092d2       0x16 contiki-iris.a(mmem.o)
                0x000092d2                mmem_init
 .text.timer_set
                0x000092e8       0x18 contiki-iris.a(timer.o)
                0x000092e8                timer_set
 .text.timer_reset
                0x00009300       0x14 contiki-iris.a(timer.o)
                0x00009300                timer_reset
 .text.timer_restart
                0x00009314       0x14 contiki-iris.a(timer.o)
                0x00009314                timer_restart
 .text.timer_expired
                0x00009328       0x2e contiki-iris.a(timer.o)
                0x00009328                timer_expired
 .text.list_init
                0x00009356        0x8 contiki-iris.a(list.o)
                0x00009356                list_init
 .text.list_head
                0x0000935e        0x8 contiki-iris.a(list.o)
                0x0000935e                list_head
 .text.list_tail
                0x00009366       0x24 contiki-iris.a(list.o)
                0x00009366                list_tail
 .text.list_remove
                0x0000938a       0x4a contiki-iris.a(list.o)
                0x0000938a                list_remove
 .text.list_push
                0x000093d4       0x28 contiki-iris.a(list.o)
                0x000093d4                list_push
 .text.list_add
                0x000093fc       0x3e contiki-iris.a(list.o)
                0x000093fc                list_add
 .text.list_length
                0x0000943a       0x20 contiki-iris.a(list.o)
                0x0000943a                list_length
 .text.list_item_next
                0x0000945a       0x14 contiki-iris.a(list.o)
                0x0000945a                list_item_next
 .text.rtimer_init
                0x0000946e        0x6 contiki-iris.a(rtimer.o)
                0x0000946e                rtimer_init
 .text.rtimer_run_next
                0x00009474       0x3e contiki-iris.a(rtimer.o)
                0x00009474                rtimer_run_next
 .text.stimer_set
                0x000094b2       0x20 contiki-iris.a(stimer.o)
                0x000094b2                stimer_set
 .text.stimer_expired
                0x000094d2       0x5a contiki-iris.a(stimer.o)
                0x000094d2                stimer_expired
 .text.index_from_key
                0x0000952c       0x30 contiki-iris.a(nbr-table.o)
 .text.item_from_key
                0x0000955c       0x40 contiki-iris.a(nbr-table.o)
 .text.key_from_item
                0x0000959c       0x52 contiki-iris.a(nbr-table.o)
 .text.nbr_set_bit
                0x000095ee       0x7a contiki-iris.a(nbr-table.o)
 .text.index_from_lladdr
                0x00009668       0x62 contiki-iris.a(nbr-table.o)
 .text.nbr_get_bit.clone.0
                0x000096ca       0x4c contiki-iris.a(nbr-table.o)
 .text.nbr_table_register
                0x00009716       0x44 contiki-iris.a(nbr-table.o)
                0x00009716                nbr_table_register
 .text.nbr_table_next
                0x0000975a       0x46 contiki-iris.a(nbr-table.o)
                0x0000975a                nbr_table_next
 .text.nbr_table_head
                0x000097a0       0x3e contiki-iris.a(nbr-table.o)
                0x000097a0                nbr_table_head
 .text.nbr_table_add_lladdr
                0x000097de      0x1c8 contiki-iris.a(nbr-table.o)
                0x000097de                nbr_table_add_lladdr
 .text.nbr_table_get_from_lladdr
                0x000099a6       0x64 contiki-iris.a(nbr-table.o)
                0x000099a6                nbr_table_get_from_lladdr
 .text.nbr_table_remove
                0x00009a0a       0x42 contiki-iris.a(nbr-table.o)
                0x00009a0a                nbr_table_remove
 .text.nbr_table_lock
                0x00009a4c       0x14 contiki-iris.a(nbr-table.o)
                0x00009a4c                nbr_table_lock
 .text.nbr_table_unlock
                0x00009a60       0x14 contiki-iris.a(nbr-table.o)
                0x00009a60                nbr_table_unlock
 .text.nbr_table_get_lladdr
                0x00009a74       0x18 contiki-iris.a(nbr-table.o)
                0x00009a74                nbr_table_get_lladdr
 .text.packetbuf_copyto_hdr
                0x00009a8c       0x2e contiki-iris.a(packetbuf.o)
                0x00009a8c                packetbuf_copyto_hdr
 .text.packetbuf_copyto
                0x00009aba       0x88 contiki-iris.a(packetbuf.o)
                0x00009aba                packetbuf_copyto
 .text.packetbuf_hdrreduce
                0x00009b42       0x3e contiki-iris.a(packetbuf.o)
                0x00009b42                packetbuf_hdrreduce
 .text.packetbuf_set_datalen
                0x00009b80        0xa contiki-iris.a(packetbuf.o)
                0x00009b80                packetbuf_set_datalen
 .text.packetbuf_dataptr
                0x00009b8a       0x10 contiki-iris.a(packetbuf.o)
                0x00009b8a                packetbuf_dataptr
 .text.packetbuf_hdrptr
                0x00009b9a        0xe contiki-iris.a(packetbuf.o)
                0x00009b9a                packetbuf_hdrptr
 .text.packetbuf_is_reference
                0x00009ba8       0x1c contiki-iris.a(packetbuf.o)
                0x00009ba8                packetbuf_is_reference
 .text.packetbuf_reference_ptr
                0x00009bc4        0xa contiki-iris.a(packetbuf.o)
                0x00009bc4                packetbuf_reference_ptr
 .text.packetbuf_datalen
                0x00009bce        0xa contiki-iris.a(packetbuf.o)
                0x00009bce                packetbuf_datalen
 .text.packetbuf_totlen
                0x00009bd8       0x18 contiki-iris.a(packetbuf.o)
                0x00009bd8                packetbuf_totlen
 .text.packetbuf_hdralloc
                0x00009bf0       0x3e contiki-iris.a(packetbuf.o)
                0x00009bf0                packetbuf_hdralloc
 .text.packetbuf_attr_clear
                0x00009c2e       0x3e contiki-iris.a(packetbuf.o)
                0x00009c2e                packetbuf_attr_clear
 .text.packetbuf_clear
                0x00009c6c       0x28 contiki-iris.a(packetbuf.o)
                0x00009c6c                packetbuf_clear
 .text.packetbuf_copyfrom
                0x00009c94       0x66 contiki-iris.a(packetbuf.o)
                0x00009c94                packetbuf_copyfrom
 .text.packetbuf_attr_copyto
                0x00009cfa       0x2a contiki-iris.a(packetbuf.o)
                0x00009cfa                packetbuf_attr_copyto
 .text.packetbuf_attr_copyfrom
                0x00009d24       0x2a contiki-iris.a(packetbuf.o)
                0x00009d24                packetbuf_attr_copyfrom
 .text.queuebuf_init
                0x00009d4e       0x1a contiki-iris.a(queuebuf.o)
                0x00009d4e                queuebuf_init
 .text.queuebuf_new_from_packetbuf
                0x00009d68       0x9e contiki-iris.a(queuebuf.o)
                0x00009d68                queuebuf_new_from_packetbuf
 .text.queuebuf_update_attr_from_packetbuf
                0x00009e06       0x16 contiki-iris.a(queuebuf.o)
                0x00009e06                queuebuf_update_attr_from_packetbuf
 .text.queuebuf_free
                0x00009e1c       0x44 contiki-iris.a(queuebuf.o)
                0x00009e1c                queuebuf_free
 .text.queuebuf_to_packetbuf
                0x00009e60       0x7c contiki-iris.a(queuebuf.o)
                0x00009e60                queuebuf_to_packetbuf
 .text.queuebuf_attr
                0x00009edc       0x1c contiki-iris.a(queuebuf.o)
                0x00009edc                queuebuf_attr
 .text.set_packet_attrs
                0x00009ef8       0x52 contiki-iris.a(sicslowpan.o)
 .text.addr_context_lookup_by_number
                0x00009f4a       0x4c contiki-iris.a(sicslowpan.o)
 .text.compress_addr_64
                0x00009f96       0xde contiki-iris.a(sicslowpan.o)
 .text.uncompress_addr
                0x0000a074       0xde contiki-iris.a(sicslowpan.o)
 .text.input    0x0000a152      0x770 contiki-iris.a(sicslowpan.o)
 .text.sicslowpan_init
                0x0000a8c2       0x22 contiki-iris.a(sicslowpan.o)
                0x0000a8c2                sicslowpan_init
 .text.addr_context_lookup_by_prefix
                0x0000a8e4       0x6a contiki-iris.a(sicslowpan.o)
 .text.send_packet
                0x0000a94e       0x22 contiki-iris.a(sicslowpan.o)
 .text.output   0x0000a970      0x8ce contiki-iris.a(sicslowpan.o)
 .text.packet_sent
                0x0000b23e       0x32 contiki-iris.a(sicslowpan.o)
 .text.uip_icmp6_echo_request_input
                0x0000b270      0x14a contiki-iris.a(uip-icmp6.o)
                0x0000b270                uip_icmp6_echo_request_input
 .text.uip_icmp6_error_output
                0x0000b3ba      0x1da contiki-iris.a(uip-icmp6.o)
                0x0000b3ba                uip_icmp6_error_output
 .text.uip_icmp6_send
                0x0000b594       0xb2 contiki-iris.a(uip-icmp6.o)
                0x0000b594                uip_icmp6_send
 .text.__vector_25
                0x0000b646       0x5e contiki-iris.a(rs232.o)
                0x0000b646                __vector_25
 .text.__vector_36
                0x0000b6a4       0x5e contiki-iris.a(rs232.o)
                0x0000b6a4                __vector_36
 .text.rs232_init
                0x0000b702       0x40 contiki-iris.a(rs232.o)
                0x0000b702                rs232_init
 .text.rs232_send
                0x0000b742       0x24 contiki-iris.a(rs232.o)
                0x0000b742                rs232_send
 .text.rs232_set_input
                0x0000b766       0x1c contiki-iris.a(rs232.o)
                0x0000b766                rs232_set_input
 .text.slip_arch_writeb
                0x0000b782        0xa contiki-iris.a(rs232.o)
                0x0000b782                slip_arch_writeb
 .text.leds_arch_init
                0x0000b78c        0xe contiki-iris.a(leds-arch.o)
                0x0000b78c                leds_arch_init
 .text.leds_arch_set
                0x0000b79a       0x28 contiki-iris.a(leds-arch.o)
                0x0000b79a                leds_arch_set
 .text.__vector_32
                0x0000b7c2       0x5a contiki-iris.a(rtimer-arch.o)
                0x0000b7c2                __vector_32
 .text.rtimer_arch_init
                0x0000b81c       0x34 contiki-iris.a(rtimer-arch.o)
                0x0000b81c                rtimer_arch_init
 .text.rtimer_arch_schedule
                0x0000b850       0x20 contiki-iris.a(rtimer-arch.o)
                0x0000b850                rtimer_arch_schedule
 .text.rxbuf_init
                0x0000b870       0x20 contiki-iris.a(slip.o)
 .text.process_thread_slip_process
                0x0000b890      0x1a8 contiki-iris.a(slip.o)
 .text.slip_input_byte
                0x0000ba38       0xf6 contiki-iris.a(slip.o)
                0x0000ba38                slip_input_byte
 .text.watchdog_periodic
                0x0000bb2e        0x4 contiki-iris.a(watchdog.o)
                0x0000bb2e                watchdog_periodic
 .text.field_len
                0x0000bb32       0xb2 contiki-iris.a(frame802154.o)
 .text.frame802154_hdrlen
                0x0000bbe4       0x4a contiki-iris.a(frame802154.o)
                0x0000bbe4                frame802154_hdrlen
 .text.frame802154_create
                0x0000bc2e      0x1c8 contiki-iris.a(frame802154.o)
                0x0000bc2e                frame802154_create
 .text.frame802154_parse
                0x0000bdf6      0x1a0 contiki-iris.a(frame802154.o)
                0x0000bdf6                frame802154_parse
 .text.libgcc   0x0000bf96       0x3e /usr/lib/gcc/avr/4.5.3/avr51/libgcc.a(_mulsi3.o)
                0x0000bf96                __mulsi3
 .text.libgcc   0x0000bfd4       0x28 /usr/lib/gcc/avr/4.5.3/avr51/libgcc.a(_udivmodhi4.o)
                0x0000bfd4                __udivmodhi4
 .text.libgcc   0x0000bffc       0x26 /usr/lib/gcc/avr/4.5.3/avr51/libgcc.a(_divmodhi4.o)
                0x0000bffc                __divmodhi4
                0x0000bffc                _div
 .text.libgcc   0x0000c022       0x44 /usr/lib/gcc/avr/4.5.3/avr51/libgcc.a(_udivmodsi4.o)
                0x0000c022                __udivmodsi4
 .text.libgcc   0x0000c066       0x38 /usr/lib/gcc/avr/4.5.3/avr51/libgcc.a(_prologue.o)
                0x0000c066                __prologue_saves__
 .text.libgcc   0x0000c09e       0x36 /usr/lib/gcc/avr/4.5.3/avr51/libgcc.a(_epilogue.o)
                0x0000c09e                __epilogue_restores__
 .text.avr-libc
                0x0000c0d4       0xbc /usr/lib/gcc/avr/4.5.3/../../../avr/lib/avr51/libc.a(rand.o)
                0x0000c16a                rand_r
                0x0000c170                rand
                0x0000c17a                srand
 .text.avr-libc
                0x0000c190       0x1a /usr/lib/gcc/avr/4.5.3/../../../avr/lib/avr51/libc.a(memcmp.o)
                0x0000c190                memcmp
 .text.avr-libc
                0x0000c1aa       0x12 /usr/lib/gcc/avr/4.5.3/../../../avr/lib/avr51/libc.a(memcpy.o)
                0x0000c1aa                memcpy
 .text.avr-libc
                0x0000c1bc       0x24 /usr/lib/gcc/avr/4.5.3/../../../avr/lib/avr51/libc.a(memmove.o)
                0x0000c1bc                memmove
 .text.avr-libc
                0x0000c1e0        0xe /usr/lib/gcc/avr/4.5.3/../../../avr/lib/avr51/libc.a(memset.o)
                0x0000c1e0                memset
 .text.avr-libc
                0x0000c1ee       0x24 /usr/lib/gcc/avr/4.5.3/../../../avr/lib/avr51/libc.a(printf.o)
                0x0000c1ee                printf
 .text.avr-libc
                0x0000c212       0x40 /usr/lib/gcc/avr/4.5.3/../../../avr/lib/avr51/libc.a(printf_p.o)
                0x0000c212                printf_P
 .text.avr-libc
                0x0000c252       0x60 /usr/lib/gcc/avr/4.5.3/../../../avr/lib/avr51/libc.a(sprintf.o)
                0x0000c252                sprintf
 .text.avr-libc
                0x0000c2b2      0x420 /usr/lib/gcc/avr/4.5.3/../../../avr/lib/avr51/libc.a(vfprintf_std.o)
                0x0000c2b2                vfprintf
 .text.avr-libc
                0x0000c6d2       0x20 /usr/lib/gcc/avr/4.5.3/../../../avr/lib/avr51/libc.a(eerd_block_atmega1281.o)
                0x0000c6d2                __eerd_block_m1281
                0x0000c6d6                __eerd_blraw_m1281
 .text.avr-libc
                0x0000c6f2       0x16 /usr/lib/gcc/avr/4.5.3/../../../avr/lib/avr51/libc.a(strnlen_P.o)
                0x0000c6f2                strnlen_P
 .text.avr-libc
                0x0000c708       0x16 /usr/lib/gcc/avr/4.5.3/../../../avr/lib/avr51/libc.a(strnlen.o)
                0x0000c708                strnlen
 .text.avr-libc
                0x0000c71e       0x58 /usr/lib/gcc/avr/4.5.3/../../../avr/lib/avr51/libc.a(fputc.o)
                0x0000c71e                fputc
 .text.avr-libc
                0x0000c776       0xbc /usr/lib/gcc/avr/4.5.3/../../../avr/lib/avr51/libc.a(ultoa_invert.o)
                0x0000c776                __ultoa_invert
 .text.libgcc   0x0000c832       0x36 /usr/lib/gcc/avr/4.5.3/avr51/libgcc.a(_divmodsi4.o)
                0x0000c832                __divmodsi4
                0x0000c868                . = ALIGN (0x2)
 *(.fini9)
 .fini9         0x0000c868        0x0 /usr/lib/gcc/avr/4.5.3/avr51/libgcc.a(_exit.o)
                0x0000c868                exit
                0x0000c868                _exit
 *(.fini9)
 *(.fini8)
 *(.fini8)
 *(.fini7)
 *(.fini7)
 *(.fini6)
 *(.fini6)
 *(.fini5)
 *(.fini5)
 *(.fini4)
 *(.fini4)
 *(.fini3)
 *(.fini3)
 *(.fini2)
 *(.fini2)
 *(.fini1)
 *(.fini1)
 *(.fini0)
 .fini0         0x0000c868        0x4 /usr/lib/gcc/avr/4.5.3/avr51/libgcc.a(_exit.o)
 *(.fini0)
                0x0000c86c                _etext = .

.data           0x00800200      0x2e6 load address 0x0000c86c
                0x00800200                PROVIDE (__data_start, .)
 *(.data)
 .data          0x00800200       0x45 sensornode.co
 .data          0x00800245        0xc contiki-iris.a(etimer.o)
 .data          0x00800251        0xf contiki-iris.a(ctimer.o)
 .data          0x00800260        0xd contiki-iris.a(tcpip.o)
 .data          0x0080026d        0xf contiki-iris.a(uip-debug.o)
 .data          0x0080027c        0xd contiki-iris.a(rf230bb.o)
 .data          0x00800289        0x8 contiki-iris.a(nullrdc.o)
 .data          0x00800291        0x5 contiki-iris.a(csma.o)
 .data          0x00800296        0xb contiki-iris.a(sicslowpan.o)
 .data          0x008002a1       0x21 contiki-iris.a(slip.o)
 .data          0x008002c2        0x8 /usr/lib/gcc/avr/4.5.3/avr51/libgcc.a(_thenan_sf.o)
                0x008002c2                __thenan_sf
 .data          0x008002ca      0x100 /usr/lib/gcc/avr/4.5.3/avr51/libgcc.a(_clz.o)
                0x008002ca                __clz_tab
 .data          0x008003ca        0x4 /usr/lib/gcc/avr/4.5.3/../../../avr/lib/avr51/libc.a(rand.o)
 *(.data*)
 .data.udp_client_process
                0x008003ce        0xa sensornode.co
                0x008003ce                udp_client_process
 .data.etimer_process
                0x008003d8        0xa contiki-iris.a(etimer.o)
                0x008003d8                etimer_process
 .data.ctimer_process
                0x008003e2        0xa contiki-iris.a(ctimer.o)
                0x008003e2                ctimer_process
 .data.tcpip_process
                0x008003ec        0xa contiki-iris.a(tcpip.o)
                0x008003ec                tcpip_process
 .data.defaultroutermemb
                0x008003f6        0x8 contiki-iris.a(uip-ds6-route.o)
 .data.nbr_routes_struct
                0x008003fe        0x8 contiki-iris.a(uip-ds6-route.o)
 .data.routememb
                0x00800406        0x8 contiki-iris.a(uip-ds6-route.o)
 .data.ds6_neighbors
                0x0080040e        0x2 contiki-iris.a(uip-ds6-nbr.o)
                0x0080040e                ds6_neighbors
 .data.ds6_neighbors_struct
                0x00800410        0x8 contiki-iris.a(uip-ds6-nbr.o)
 .data.slip_stdout
                0x00800418        0xe contiki-iris.a(slip_uart0.o)
 .data.rf230_process
                0x00800426        0xa contiki-iris.a(rf230bb.o)
                0x00800426                rf230_process
 .data.neighbor_memb
                0x00800430        0x8 contiki-iris.a(csma.o)
 .data.packet_memb
                0x00800438        0x8 contiki-iris.a(csma.o)
 .data.metadata_memb
                0x00800440        0x8 contiki-iris.a(csma.o)
 .data.rpl_parents_struct
                0x00800448        0x8 contiki-iris.a(rpl-dag.o)
 .data.dao_sequence
                0x00800450        0x1 contiki-iris.a(rpl-icmp6.o)
 .data.rpl_mrhof
                0x00800451        0xe contiki-iris.a(rpl-mrhof.o)
                0x00800451                rpl_mrhof
 .data.neighbor_addr_mem
                0x0080045f        0x8 contiki-iris.a(nbr-table.o)
 .data.bufmem   0x00800467        0x8 contiki-iris.a(queuebuf.o)
 .data.refbufmem
                0x0080046f        0x8 contiki-iris.a(queuebuf.o)
 .data.buframmem
                0x00800477        0x8 contiki-iris.a(queuebuf.o)
 .data.slip_process
                0x0080047f        0xa contiki-iris.a(slip.o)
                0x0080047f                slip_process
 *(.rodata)
 *(.rodata*)
 .rodata.autostart_processes
                0x00800489        0x4 sensornode.co
                0x00800489                autostart_processes
 .rodata.rf230_driver
                0x0080048d       0x14 contiki-iris.a(rf230bb.o)
                0x0080048d                rf230_driver
 .rodata.rimeaddr_null
                0x008004a1        0x8 contiki-iris.a(rimeaddr.o)
                0x008004a1                rimeaddr_null
 .rodata.nullrdc_driver
                0x008004a9       0x10 contiki-iris.a(nullrdc.o)
                0x008004a9                nullrdc_driver
 .rodata.framer_802154
                0x008004b9        0x4 contiki-iris.a(framer-802154.o)
                0x008004b9                framer_802154
 .rodata.csma_driver
                0x008004bd        0xe contiki-iris.a(csma.o)
                0x008004bd                csma_driver
 .rodata.unc_llconf
                0x008004cb        0x4 contiki-iris.a(sicslowpan.o)
                0x008004cb                unc_llconf
 .rodata.unc_ctxconf
                0x008004cf        0x4 contiki-iris.a(sicslowpan.o)
                0x008004cf                unc_ctxconf
 .rodata.unc_mxconf
                0x008004d3        0x4 contiki-iris.a(sicslowpan.o)
                0x008004d3                unc_mxconf
 .rodata.llprefix
                0x008004d7        0x2 contiki-iris.a(sicslowpan.o)
                0x008004d7                llprefix
 .rodata.sicslowpan_driver
                0x008004d9        0x6 contiki-iris.a(sicslowpan.o)
                0x008004d9                sicslowpan_driver
 .rodata.ttl_values
                0x008004df        0x4 contiki-iris.a(sicslowpan.o)
 .rodata.CSWTCH.4
                0x008004e3        0x2 contiki-iris.a(frame802154.o)
 *(.gnu.linkonce.d*)
                0x008004e6                . = ALIGN (0x2)
 *fill*         0x008004e5        0x1 00
                0x008004e6                _edata = .
                0x008004e6                PROVIDE (__data_end, .)

.bss            0x008004e6     0x1272
                0x008004e6                PROVIDE (__bss_start, .)
 *(.bss)
 *(.bss*)
 .bss.client_conn
                0x008004e6        0x2 sensornode.co
 .bss.backoff_timer.2730
                0x008004e8       0x10 sensornode.co
 .bss.periodic.2729
                0x008004f8        0x8 sensornode.co
 .bss.server_ipaddr
                0x00800500       0x10 sensornode.co
 .bss.timerlist
                0x00800510        0x2 contiki-iris.a(etimer.o)
 .bss.next_expiration
                0x00800512        0x2 contiki-iris.a(etimer.o)
 .bss.initialized
                0x00800514        0x1 contiki-iris.a(ctimer.o)
 .bss.ctimer_list_list
                0x00800515        0x2 contiki-iris.a(ctimer.o)
 .bss.s         0x00800517       0x22 contiki-iris.a(tcpip.o)
 .bss.periodic  0x00800539        0x8 contiki-iris.a(tcpip.o)
 .bss.i.4018    0x00800541        0x1 contiki-iris.a(tcpip.o)
 .bss.i.3962    0x00800542        0x1 contiki-iris.a(tcpip.o)
 .bss.i.4006    0x00800543        0x1 contiki-iris.a(tcpip.o)
 .bss.outputfunc
                0x00800544        0x2 contiki-iris.a(tcpip.o)
 .bss.defaultrouterlist_list
                0x00800546        0x2 contiki-iris.a(uip-ds6-route.o)
 .bss.num_routes
                0x00800548        0x2 contiki-iris.a(uip-ds6-route.o)
 .bss.notificationlist_list
                0x0080054a        0x2 contiki-iris.a(uip-ds6-route.o)
 .bss.defaultroutermemb_memb_count
                0x0080054c        0x2 contiki-iris.a(uip-ds6-route.o)
 .bss.defaultroutermemb_memb_mem
                0x0080054e       0x36 contiki-iris.a(uip-ds6-route.o)
 .bss._nbr_routes_mem
                0x00800584       0x28 contiki-iris.a(uip-ds6-route.o)
 .bss.routememb_memb_count
                0x008005ac        0xa contiki-iris.a(uip-ds6-route.o)
 .bss.routememb_memb_mem
                0x008005b6      0x122 contiki-iris.a(uip-ds6-route.o)
 .bss._ds6_neighbors_mem
                0x008006d8      0x15e contiki-iris.a(uip-ds6-nbr.o)
 .bss.locaddr   0x00800836        0x2 contiki-iris.a(uip-ds6.o)
 .bss.locmaddr  0x00800838        0x2 contiki-iris.a(uip-ds6.o)
 .bss.loc_fipaddr
                0x0080083a       0x10 contiki-iris.a(uip-ds6.o)
 .bss.locprefix
                0x0080084a        0x2 contiki-iris.a(uip-ds6.o)
 .bss.nd6_opt_offset
                0x0080084c        0x1 contiki-iris.a(uip-nd6.o)
 .bss.nd6_opt_llao
                0x0080084d        0x2 contiki-iris.a(uip-nd6.o)
 .bss.addr      0x0080084f        0x2 contiki-iris.a(uip-nd6.o)
 .bss.nbr       0x00800851        0x2 contiki-iris.a(uip-nd6.o)
 .bss.defrt     0x00800853        0x2 contiki-iris.a(uip-nd6.o)
 .bss.uip_ext_bitmap
                0x00800855        0x1 contiki-iris.a(uip6.o)
                0x00800855                uip_ext_bitmap
 .bss.uip_ext_len
                0x00800856        0x1 contiki-iris.a(uip6.o)
                0x00800856                uip_ext_len
 .bss.uip_ext_opt_offset
                0x00800857        0x1 contiki-iris.a(uip6.o)
                0x00800857                uip_ext_opt_offset
 .bss.iss       0x00800858        0x4 contiki-iris.a(uip6.o)
 .bss.tmp16     0x0080085c        0x2 contiki-iris.a(uip6.o)
 .bss.c         0x0080085e        0x1 contiki-iris.a(uip6.o)
 .bss.opt       0x0080085f        0x1 contiki-iris.a(uip6.o)
 .bss.lastport  0x00800860        0x2 contiki-iris.a(uip6.o)
 .bss.node_id   0x00800862        0x2 contiki-iris.a(node-id.o)
                0x00800862                node_id
 .bss.count     0x00800864        0x2 contiki-iris.a(clock.o)
 .bss.scount    0x00800866        0x1 contiki-iris.a(clock.o)
 .bss.debug_frame.1812
                0x00800867        0x1 contiki-iris.a(slip_uart0.o)
 .bss.invert    0x00800868        0x1 contiki-iris.a(leds.o)
 .bss.leds      0x00800869        0x1 contiki-iris.a(leds.o)
 .bss.buffer    0x0080086a       0x81 contiki-iris.a(rf230bb.o)
 .bss.channel   0x008008eb        0x1 contiki-iris.a(rf230bb.o)
 .bss.initialized
                0x008008ec        0x1 contiki-iris.a(framer-802154.o)
 .bss.mac_dsn   0x008008ed        0x1 contiki-iris.a(framer-802154.o)
 .bss.seqno.2047
                0x008008ee        0x2 contiki-iris.a(csma.o)
 .bss.neighbor_list_list
                0x008008f0        0x2 contiki-iris.a(csma.o)
 .bss.neighbor_memb_memb_count
                0x008008f2        0x2 contiki-iris.a(csma.o)
 .bss.neighbor_memb_memb_mem
                0x008008f4       0x42 contiki-iris.a(csma.o)
 .bss.packet_memb_memb_count
                0x00800936        0x4 contiki-iris.a(csma.o)
 .bss.packet_memb_memb_mem
                0x0080093a       0x18 contiki-iris.a(csma.o)
 .bss.metadata_memb_memb_count
                0x00800952        0x4 contiki-iris.a(csma.o)
 .bss.metadata_memb_memb_mem
                0x00800956       0x14 contiki-iris.a(csma.o)
 .bss._rpl_parents_mem
                0x0080096a       0x64 contiki-iris.a(rpl-dag.o)
 .bss.dio_send_ok
                0x008009ce        0x1 contiki-iris.a(rpl-timers.o)
 .bss.next_dis  0x008009cf        0x2 contiki-iris.a(rpl-timers.o)
 .bss.periodic_timer
                0x008009d1       0x10 contiki-iris.a(rpl-timers.o)
 .bss.process_list
                0x008009e1        0x2 contiki-iris.a(process.o)
                0x008009e1                process_list
 .bss.process_current
                0x008009e3        0x2 contiki-iris.a(process.o)
                0x008009e3                process_current
 .bss.poll_requested
                0x008009e5        0x1 contiki-iris.a(process.o)
 .bss.nevents   0x008009e6        0x1 contiki-iris.a(process.o)
 .bss.fevent    0x008009e7        0x1 contiki-iris.a(process.o)
 .bss.events    0x008009e8       0x28 contiki-iris.a(process.o)
 .bss.snum.1547
                0x00800a10        0x1 contiki-iris.a(process.o)
 .bss.p.1532    0x00800a11        0x2 contiki-iris.a(process.o)
 .bss.receiver.1531
                0x00800a13        0x2 contiki-iris.a(process.o)
 .bss.data.1530
                0x00800a15        0x2 contiki-iris.a(process.o)
 .bss.ev.1529   0x00800a17        0x1 contiki-iris.a(process.o)
 .bss.lastevent
                0x00800a18        0x1 contiki-iris.a(process.o)
 .bss.mmemlist_list
                0x00800a19        0x2 contiki-iris.a(mmem.o)
 .bss.next_rtimer
                0x00800a1b        0x2 contiki-iris.a(rtimer.o)
 .bss.locked_map
                0x00800a1d        0xa contiki-iris.a(nbr-table.o)
 .bss.used_map  0x00800a27        0xa contiki-iris.a(nbr-table.o)
 .bss.nbr_table_keys_list
                0x00800a31        0x2 contiki-iris.a(nbr-table.o)
 .bss.all_tables
                0x00800a33       0x10 contiki-iris.a(nbr-table.o)
 .bss.num_tables
                0x00800a43        0x2 contiki-iris.a(nbr-table.o)
 .bss.neighbor_addr_mem_memb_count
                0x00800a45        0xa contiki-iris.a(nbr-table.o)
 .bss.neighbor_addr_mem_memb_mem
                0x00800a4f       0x64 contiki-iris.a(nbr-table.o)
 .bss.hdrptr    0x00800ab3        0x1 contiki-iris.a(packetbuf.o)
 .bss.buflen    0x00800ab4        0x2 contiki-iris.a(packetbuf.o)
 .bss.packetbufptr
                0x00800ab6        0x2 contiki-iris.a(packetbuf.o)
 .bss.packetbuf_aligned
                0x00800ab8       0xb2 contiki-iris.a(packetbuf.o)
 .bss.bufptr    0x00800b6a        0x2 contiki-iris.a(packetbuf.o)
 .bss.bufmem_memb_count
                0x00800b6c        0x4 contiki-iris.a(queuebuf.o)
 .bss.bufmem_memb_mem
                0x00800b70        0x8 contiki-iris.a(queuebuf.o)
 .bss.refbufmem_memb_count
                0x00800b78        0x2 contiki-iris.a(queuebuf.o)
 .bss.refbufmem_memb_mem
                0x00800b7a       0x6a contiki-iris.a(queuebuf.o)
 .bss.buframmem_memb_count
                0x00800be4        0x4 contiki-iris.a(queuebuf.o)
 .bss.buframmem_memb_mem
                0x00800be8      0x348 contiki-iris.a(queuebuf.o)
 .bss.uncomp_hdr_len
                0x00800f30        0x1 contiki-iris.a(sicslowpan.o)
 .bss.rime_hdr_len
                0x00800f31        0x1 contiki-iris.a(sicslowpan.o)
 .bss.rime_ptr  0x00800f32        0x2 contiki-iris.a(sicslowpan.o)
 .bss.reass_timer
                0x00800f34        0x4 contiki-iris.a(sicslowpan.o)
 .bss.sicslowpan_len
                0x00800f38        0x2 contiki-iris.a(sicslowpan.o)
 .bss.processed_ip_in_len
                0x00800f3a        0x2 contiki-iris.a(sicslowpan.o)
 .bss.reass_tag
                0x00800f3c        0x2 contiki-iris.a(sicslowpan.o)
 .bss.sicslowpan_aligned_buf
                0x00800f3e       0xf0 contiki-iris.a(sicslowpan.o)
 .bss.rime_payload_len
                0x0080102e        0x1 contiki-iris.a(sicslowpan.o)
 .bss.callback  0x0080102f        0x2 contiki-iris.a(sicslowpan.o)
 .bss.hc06_ptr  0x00801031        0x2 contiki-iris.a(sicslowpan.o)
 .bss.context   0x00801033        0x2 contiki-iris.a(sicslowpan.o)
 .bss.addr_contexts
                0x00801035       0x14 contiki-iris.a(sicslowpan.o)
 .bss.my_tag    0x00801049        0x2 contiki-iris.a(sicslowpan.o)
 .bss.last_tx_status
                0x0080104b        0x2 contiki-iris.a(sicslowpan.o)
 .bss.tmp_ipaddr
                0x0080104d       0x10 contiki-iris.a(uip-icmp6.o)
 .bss.input_callback
                0x0080105d        0x2 contiki-iris.a(slip.o)
 .bss.pkt_end   0x0080105f        0x2 contiki-iris.a(slip.o)
 .bss.end       0x00801061        0x2 contiki-iris.a(slip.o)
 .bss.begin     0x00801063        0x2 contiki-iris.a(slip.o)
 .bss.state     0x00801065        0x1 contiki-iris.a(slip.o)
 .bss.rxbuf     0x00801066      0x100 contiki-iris.a(slip.o)
 *(COMMON)
 COMMON         0x00801166        0x1 contiki-iris.a(tcpip.o)
                0x00801166                tcpip_event
 COMMON         0x00801167      0x143 contiki-iris.a(uip-ds6.o)
                0x00801167                uip_ds6_timer_ra
                0x0080116f                uip_ds6_if
                0x0080124c                uip_ds6_netif_addr_list_offset
                0x0080124d                uip_ds6_addr_size
                0x0080124e                uip_ds6_prefix_list
                0x008012a2                uip_ds6_timer_periodic
 COMMON         0x008012aa      0x2f7 contiki-iris.a(uip6.o)
                0x008012aa                uip_len
                0x008012ac                uip_sappdata
                0x008012ae                uip_acc32
                0x008012b2                uip_lladdr
                0x008012ba                uip_aligned_buf
                0x008013aa                uip_flags
                0x008013ab                uip_next_hdr
                0x008013ad                uip_udp_conn
                0x008013af                uip_appdata
                0x008013b1                uip_conn
                0x008013b3                uip_conns
                0x00801463                uip_listenports
                0x00801473                uip_slen
                0x00801475                uip_udp_conns
 COMMON         0x008015a1        0x8 contiki-iris.a(clock.o)
                0x008015a1                sleepseconds
                0x008015a5                seconds
 COMMON         0x008015a9        0x8 contiki-iris.a(ds2401.o)
                0x008015a9                ds2401_id
 COMMON         0x008015b1       0x89 contiki-iris.a(rf230bb.o)
                0x008015b1                rf230_last_correlation
                0x008015b2                rf230_last_rssi
                0x008015b3                rf230_smallest_rssi
                0x008015b4                rf230_pending
                0x008015b5                rxframe_tail
                0x008015b6                rxframe_head
                0x008015b7                rxframe
                0x00801639                RF230_receive_on
 COMMON         0x0080163a        0x8 contiki-iris.a(rimeaddr.o)
                0x0080163a                rimeaddr_node_addr
 COMMON         0x00801642       0xb0 contiki-iris.a(rpl-dag.o)
                0x00801642                default_instance
                0x00801644                instance_table
 COMMON         0x008016f2        0x1 contiki-iris.a(process.o)
                0x008016f2                process_maxevents
 COMMON         0x008016f3        0x2 contiki-iris.a(mmem.o)
                0x008016f3                avail_memory
 COMMON         0x008016f5       0x50 contiki-iris.a(packetbuf.o)
                0x008016f5                packetbuf_addrs
                0x00801715                packetbuf_attrs
 COMMON         0x00801745        0x8 contiki-iris.a(sicslowpan.o)
                0x00801745                frag_sender
 COMMON         0x0080174d        0x4 contiki-iris.a(rs232.o)
                0x0080174d                input_handler_1
                0x0080174f                input_handler_0
 COMMON         0x00801751        0x1 contiki-iris.a(slip.o)
                0x00801751                slip_active
 COMMON         0x00801752        0x6 /usr/lib/gcc/avr/4.5.3/../../../avr/lib/avr51/libc.a(iob.o)
                0x00801752                __iob
                0x00801758                PROVIDE (__bss_end, .)
                0x0000c86c                __data_load_start = LOADADDR (.data)
                0x0000cb52                __data_load_end = (__data_load_start + SIZEOF (.data))

.noinit         0x00801758        0x0
                0x00801758                PROVIDE (__noinit_start, .)
 *(.noinit*)
                0x00801758                PROVIDE (__noinit_end, .)
                0x00801758                _end = .
                0x00801758                PROVIDE (__heap_start, .)

.eeprom         0x00810000        0x0
 *(.eeprom*)
                0x00810000                __eeprom_end = .

.fuse
 *(.fuse)
 *(.lfuse)
 *(.hfuse)
 *(.efuse)

.lock
 *(.lock*)

.signature
 *(.signature*)

.stab           0x00000000     0x2988
 *(.stab)
 .stab          0x00000000      0x6cc /usr/lib/gcc/avr/4.5.3/../../../avr/lib/avr51/crtm1281.o
 .stab          0x000006cc      0x324 /usr/lib/gcc/avr/4.5.3/../../../avr/lib/avr51/libc.a(rand.o)
                                0x330 (size before relaxing)
 .stab          0x000009f0       0xb4 /usr/lib/gcc/avr/4.5.3/../../../avr/lib/avr51/libc.a(memcmp.o)
                                 0xc0 (size before relaxing)
 .stab          0x00000aa4       0x84 /usr/lib/gcc/avr/4.5.3/../../../avr/lib/avr51/libc.a(memcpy.o)
                                 0x90 (size before relaxing)
 .stab          0x00000b28       0xe4 /usr/lib/gcc/avr/4.5.3/../../../avr/lib/avr51/libc.a(memmove.o)
                                 0xf0 (size before relaxing)
 .stab          0x00000c0c       0x6c /usr/lib/gcc/avr/4.5.3/../../../avr/lib/avr51/libc.a(memset.o)
                                 0x78 (size before relaxing)
 .stab          0x00000c78      0x300 /usr/lib/gcc/avr/4.5.3/../../../avr/lib/avr51/libc.a(iob.o)
                                0x30c (size before relaxing)
 .stab          0x00000f78      0x18c /usr/lib/gcc/avr/4.5.3/../../../avr/lib/avr51/libc.a(printf.o)
                                0x36c (size before relaxing)
 .stab          0x00001104      0x1a4 /usr/lib/gcc/avr/4.5.3/../../../avr/lib/avr51/libc.a(printf_p.o)
                                0x384 (size before relaxing)
 .stab          0x000012a8      0x1f8 /usr/lib/gcc/avr/4.5.3/../../../avr/lib/avr51/libc.a(sprintf.o)
                                0x3d8 (size before relaxing)
 .stab          0x000014a0      0xac8 /usr/lib/gcc/avr/4.5.3/../../../avr/lib/avr51/libc.a(vfprintf_std.o)
                                0xcd8 (size before relaxing)
 .stab          0x00001f68      0x108 /usr/lib/gcc/avr/4.5.3/../../../avr/lib/avr51/libc.a(eerd_block_atmega1281.o)
                                0x114 (size before relaxing)
 .stab          0x00002070       0x9c /usr/lib/gcc/avr/4.5.3/../../../avr/lib/avr51/libc.a(eewr_block_atmega1281.o)
                                 0xa8 (size before relaxing)
 .stab          0x0000210c       0xe4 /usr/lib/gcc/avr/4.5.3/../../../avr/lib/avr51/libc.a(eewr_byte_atmega1281.o)
                                 0xf0 (size before relaxing)
 .stab          0x000021f0       0x9c /usr/lib/gcc/avr/4.5.3/../../../avr/lib/avr51/libc.a(strnlen_P.o)
                                 0xa8 (size before relaxing)
 .stab          0x0000228c       0x9c /usr/lib/gcc/avr/4.5.3/../../../avr/lib/avr51/libc.a(strnlen.o)
                                 0xa8 (size before relaxing)
 .stab          0x00002328      0x1e0 /usr/lib/gcc/avr/4.5.3/../../../avr/lib/avr51/libc.a(fputc.o)
                                0x3c0 (size before relaxing)
 .stab          0x00002508      0x480 /usr/lib/gcc/avr/4.5.3/../../../avr/lib/avr51/libc.a(ultoa_invert.o)
                                0x48c (size before relaxing)

.stabstr        0x00000000      0xf3c
 *(.stabstr)
 .stabstr       0x00000000      0xf3c /usr/lib/gcc/avr/4.5.3/../../../avr/lib/avr51/crtm1281.o

.stab.excl
 *(.stab.excl)

.stab.exclstr
 *(.stab.exclstr)

.stab.index
 *(.stab.index)

.stab.indexstr
 *(.stab.indexstr)

.comment
 *(.comment)

.debug
 *(.debug)

.line
 *(.line)

.debug_srcinfo
 *(.debug_srcinfo)

.debug_sfnames
 *(.debug_sfnames)

.debug_aranges  0x00000000     0x1298
 *(.debug_aranges)
 .debug_aranges
                0x00000000       0x28 sensornode.co
 .debug_aranges
                0x00000028       0x88 contiki-iris.a(etimer.o)
 .debug_aranges
                0x000000b0       0x50 contiki-iris.a(ctimer.o)
 .debug_aranges
                0x00000100       0x28 contiki-iris.a(random.o)
 .debug_aranges
                0x00000128       0x98 contiki-iris.a(tcpip.o)
 .debug_aranges
                0x000001c0       0x28 contiki-iris.a(uip-debug.o)
 .debug_aranges
                0x000001e8       0xb0 contiki-iris.a(uip-ds6-route.o)
 .debug_aranges
                0x00000298       0x80 contiki-iris.a(uip-ds6-nbr.o)
 .debug_aranges
                0x00000318       0xc8 contiki-iris.a(uip-ds6.o)
 .debug_aranges
                0x000003e0       0x38 contiki-iris.a(uip-nd6.o)
 .debug_aranges
                0x00000418       0x28 contiki-iris.a(uip-udp-packet.)
 .debug_aranges
                0x00000440       0xb8 contiki-iris.a(uip6.o)
 .debug_aranges
                0x000004f8       0x28 contiki-iris.a(adc.o)
 .debug_aranges
                0x00000520       0x28 contiki-iris.a(contiki-iris-ma)
 .debug_aranges
                0x00000548       0x20 contiki-iris.a(init-net.o)
 .debug_aranges
                0x00000568       0x28 contiki-iris.a(node-id.o)
 .debug_aranges
                0x00000590       0x60 contiki-iris.a(clock.o)
 .debug_aranges
                0x000005f0       0x30 contiki-iris.a(ds2401.o)
 .debug_aranges
                0x00000620       0x28 contiki-iris.a(slip_uart0.o)
 .debug_aranges
                0x00000648       0x30 contiki-iris.a(mda100cb.o)
 .debug_aranges
                0x00000678       0x28 contiki-iris.a(eeprom.o)
 .debug_aranges
                0x000006a0       0x58 contiki-iris.a(leds.o)
 .debug_aranges
                0x000006f8      0x118 contiki-iris.a(rf230bb.o)
 .debug_aranges
                0x00000810       0x58 contiki-iris.a(halbb.o)
 .debug_aranges
                0x00000868       0x30 contiki-iris.a(rimeaddr.o)
 .debug_aranges
                0x00000898       0x58 contiki-iris.a(nullrdc.o)
 .debug_aranges
                0x000008f0       0x20 contiki-iris.a(mac.o)
 .debug_aranges
                0x00000910       0x28 contiki-iris.a(framer-802154.o)
 .debug_aranges
                0x00000938       0x68 contiki-iris.a(csma.o)
 .debug_aranges
                0x000009a0       0x50 contiki-iris.a(rpl.o)
 .debug_aranges
                0x000009f0      0x140 contiki-iris.a(rpl-dag.o)
 .debug_aranges
                0x00000b30       0x68 contiki-iris.a(rpl-icmp6.o)
 .debug_aranges
                0x00000b98       0x50 contiki-iris.a(rpl-timers.o)
 .debug_aranges
                0x00000be8       0x48 contiki-iris.a(rpl-mrhof.o)
 .debug_aranges
                0x00000c30       0x48 contiki-iris.a(rpl-ext-header.)
 .debug_aranges
                0x00000c78       0x80 contiki-iris.a(process.o)
 .debug_aranges
                0x00000cf8       0x28 contiki-iris.a(autostart.o)
 .debug_aranges
                0x00000d20       0x38 contiki-iris.a(memb.o)
 .debug_aranges
                0x00000d58       0x30 contiki-iris.a(mmem.o)
 .debug_aranges
                0x00000d88       0x40 contiki-iris.a(timer.o)
 .debug_aranges
                0x00000dc8       0x78 contiki-iris.a(list.o)
 .debug_aranges
                0x00000e40       0x30 contiki-iris.a(rtimer.o)
 .debug_aranges
                0x00000e70       0x48 contiki-iris.a(stimer.o)
 .debug_aranges
                0x00000eb8       0x90 contiki-iris.a(nbr-table.o)
 .debug_aranges
                0x00000f48       0xc0 contiki-iris.a(packetbuf.o)
 .debug_aranges
                0x00001008       0x68 contiki-iris.a(queuebuf.o)
 .debug_aranges
                0x00001070       0x78 contiki-iris.a(sicslowpan.o)
 .debug_aranges
                0x000010e8       0x30 contiki-iris.a(uip-icmp6.o)
 .debug_aranges
                0x00001118       0x60 contiki-iris.a(rs232.o)
 .debug_aranges
                0x00001178       0x30 contiki-iris.a(leds-arch.o)
 .debug_aranges
                0x000011a8       0x30 contiki-iris.a(rtimer-arch.o)
 .debug_aranges
                0x000011d8       0x48 contiki-iris.a(slip.o)
 .debug_aranges
                0x00001220       0x40 contiki-iris.a(watchdog.o)
 .debug_aranges
                0x00001260       0x38 contiki-iris.a(frame802154.o)

.debug_pubnames
                0x00000000     0x23b7
 *(.debug_pubnames)
 .debug_pubnames
                0x00000000       0x41 sensornode.co
 .debug_pubnames
                0x00000041      0x109 contiki-iris.a(etimer.o)
 .debug_pubnames
                0x0000014a       0x8b contiki-iris.a(ctimer.o)
 .debug_pubnames
                0x000001d5       0x32 contiki-iris.a(random.o)
 .debug_pubnames
                0x00000207      0x12c contiki-iris.a(tcpip.o)
 .debug_pubnames
                0x00000333       0x48 contiki-iris.a(uip-debug.o)
 .debug_pubnames
                0x0000037b      0x1a3 contiki-iris.a(uip-ds6-route.o)
 .debug_pubnames
                0x0000051e      0x18c contiki-iris.a(uip-ds6-nbr.o)
 .debug_pubnames
                0x000006aa      0x2a3 contiki-iris.a(uip-ds6.o)
 .debug_pubnames
                0x0000094d       0x52 contiki-iris.a(uip-nd6.o)
 .debug_pubnames
                0x0000099f       0x44 contiki-iris.a(uip-udp-packet.)
 .debug_pubnames
                0x000009e3      0x227 contiki-iris.a(uip6.o)
 .debug_pubnames
                0x00000c0a       0x2b contiki-iris.a(adc.o)
 .debug_pubnames
                0x00000c35       0x2a contiki-iris.a(contiki-iris-ma)
 .debug_pubnames
                0x00000c5f       0x30 contiki-iris.a(init-net.o)
 .debug_pubnames
                0x00000c8f       0x43 contiki-iris.a(node-id.o)
 .debug_pubnames
                0x00000cd2       0xd5 contiki-iris.a(clock.o)
 .debug_pubnames
                0x00000da7       0x30 contiki-iris.a(ds2401.o)
 .debug_pubnames
                0x00000dd7       0x25 contiki-iris.a(slip_uart0.o)
 .debug_pubnames
                0x00000dfc       0x3d contiki-iris.a(mda100cb.o)
 .debug_pubnames
                0x00000e39       0x33 contiki-iris.a(eeprom.o)
 .debug_pubnames
                0x00000e6c       0x75 contiki-iris.a(leds.o)
 .debug_pubnames
                0x00000ee1      0x212 contiki-iris.a(rf230bb.o)
 .debug_pubnames
                0x000010f3       0xb6 contiki-iris.a(halbb.o)
 .debug_pubnames
                0x000011a9       0x79 contiki-iris.a(rimeaddr.o)
 .debug_pubnames
                0x00001222       0x25 contiki-iris.a(nullrdc.o)
 .debug_pubnames
                0x00001247       0x2d contiki-iris.a(mac.o)
 .debug_pubnames
                0x00001274       0x24 contiki-iris.a(framer-802154.o)
 .debug_pubnames
                0x00001298       0x22 contiki-iris.a(csma.o)
 .debug_pubnames
                0x000012ba       0xbb contiki-iris.a(rpl.o)
 .debug_pubnames
                0x00001375      0x2c7 contiki-iris.a(rpl-dag.o)
 .debug_pubnames
                0x0000163c       0x7a contiki-iris.a(rpl-icmp6.o)
 .debug_pubnames
                0x000016b6       0x5c contiki-iris.a(rpl-timers.o)
 .debug_pubnames
                0x00001712       0x20 contiki-iris.a(rpl-mrhof.o)
 .debug_pubnames
                0x00001732       0xa2 contiki-iris.a(rpl-ext-header.)
 .debug_pubnames
                0x000017d4      0x10d contiki-iris.a(process.o)
 .debug_pubnames
                0x000018e1       0x39 contiki-iris.a(autostart.o)
 .debug_pubnames
                0x0000191a       0x4d contiki-iris.a(memb.o)
 .debug_pubnames
                0x00001967       0x4e contiki-iris.a(mmem.o)
 .debug_pubnames
                0x000019b5       0x68 contiki-iris.a(timer.o)
 .debug_pubnames
                0x00001a1d       0xc3 contiki-iris.a(list.o)
 .debug_pubnames
                0x00001ae0       0x45 contiki-iris.a(rtimer.o)
 .debug_pubnames
                0x00001b25       0x80 contiki-iris.a(stimer.o)
 .debug_pubnames
                0x00001ba5       0xdc contiki-iris.a(nbr-table.o)
 .debug_pubnames
                0x00001c81      0x22c contiki-iris.a(packetbuf.o)
 .debug_pubnames
                0x00001ead       0xff contiki-iris.a(queuebuf.o)
 .debug_pubnames
                0x00001fac       0xb4 contiki-iris.a(sicslowpan.o)
 .debug_pubnames
                0x00002060       0x61 contiki-iris.a(uip-icmp6.o)
 .debug_pubnames
                0x000020c1       0xe4 contiki-iris.a(rs232.o)
 .debug_pubnames
                0x000021a5       0x49 contiki-iris.a(leds-arch.o)
 .debug_pubnames
                0x000021ee       0x50 contiki-iris.a(rtimer-arch.o)
 .debug_pubnames
                0x0000223e       0x80 contiki-iris.a(slip.o)
 .debug_pubnames
                0x000022be       0x73 contiki-iris.a(watchdog.o)
 .debug_pubnames
                0x00002331       0x56 contiki-iris.a(frame802154.o)
 .debug_pubnames
                0x00002387       0x30 /tmp/ccDkboUP.o

.debug_info     0x00000000    0x1611e
 *(.debug_info)
 .debug_info    0x00000000      0x7f5 sensornode.co
 .debug_info    0x000007f5      0x4f0 contiki-iris.a(etimer.o)
 .debug_info    0x00000ce5      0x48a contiki-iris.a(ctimer.o)
 .debug_info    0x0000116f       0xab contiki-iris.a(random.o)
 .debug_info    0x0000121a     0x17cb contiki-iris.a(tcpip.o)
 .debug_info    0x000029e5      0x1c9 contiki-iris.a(uip-debug.o)
 .debug_info    0x00002bae      0xaa7 contiki-iris.a(uip-ds6-route.o)
 .debug_info    0x00003655      0x9a9 contiki-iris.a(uip-ds6-nbr.o)
 .debug_info    0x00003ffe      0xbb4 contiki-iris.a(uip-ds6.o)
 .debug_info    0x00004bb2      0x7f0 contiki-iris.a(uip-nd6.o)
 .debug_info    0x000053a2      0x3ca contiki-iris.a(uip-udp-packet.)
 .debug_info    0x0000576c     0x1129 contiki-iris.a(uip6.o)
 .debug_info    0x00006895       0xc4 contiki-iris.a(adc.o)
 .debug_info    0x00006959      0x2d0 contiki-iris.a(contiki-iris-ma)
 .debug_info    0x00006c29      0x7e8 contiki-iris.a(init-net.o)
 .debug_info    0x00007411      0x14d contiki-iris.a(node-id.o)
 .debug_info    0x0000755e      0x2c8 contiki-iris.a(clock.o)
 .debug_info    0x00007826      0x369 contiki-iris.a(ds2401.o)
 .debug_info    0x00007b8f      0x1f5 contiki-iris.a(slip_uart0.o)
 .debug_info    0x00007d84      0x108 contiki-iris.a(mda100cb.o)
 .debug_info    0x00007e8c      0x121 contiki-iris.a(eeprom.o)
 .debug_info    0x00007fad      0x1ce contiki-iris.a(leds.o)
 .debug_info    0x0000817b     0x106c contiki-iris.a(rf230bb.o)
 .debug_info    0x000091e7      0x44e contiki-iris.a(halbb.o)
 .debug_info    0x00009635      0x177 contiki-iris.a(rimeaddr.o)
 .debug_info    0x000097ac      0x813 contiki-iris.a(nullrdc.o)
 .debug_info    0x00009fbf      0x118 contiki-iris.a(mac.o)
 .debug_info    0x0000a0d7      0x65b contiki-iris.a(framer-802154.o)
 .debug_info    0x0000a732      0xbd8 contiki-iris.a(csma.o)
 .debug_info    0x0000b30a      0xc60 contiki-iris.a(rpl.o)
 .debug_info    0x0000bf6a     0x1955 contiki-iris.a(rpl-dag.o)
 .debug_info    0x0000d8bf     0x1667 contiki-iris.a(rpl-icmp6.o)
 .debug_info    0x0000ef26      0x9b5 contiki-iris.a(rpl-timers.o)
 .debug_info    0x0000f8db      0xa99 contiki-iris.a(rpl-mrhof.o)
 .debug_info    0x00010374      0xd37 contiki-iris.a(rpl-ext-header.)
 .debug_info    0x000110ab      0x587 contiki-iris.a(process.o)
 .debug_info    0x00011632      0x1bd contiki-iris.a(autostart.o)
 .debug_info    0x000117ef      0x1b1 contiki-iris.a(memb.o)
 .debug_info    0x000119a0      0x1ab contiki-iris.a(mmem.o)
 .debug_info    0x00011b4b      0x188 contiki-iris.a(timer.o)
 .debug_info    0x00011cd3      0x34d contiki-iris.a(list.o)
 .debug_info    0x00012020      0x1c2 contiki-iris.a(rtimer.o)
 .debug_info    0x000121e2      0x19c contiki-iris.a(stimer.o)
 .debug_info    0x0001237e      0x9b7 contiki-iris.a(nbr-table.o)
 .debug_info    0x00012d35      0x62d contiki-iris.a(packetbuf.o)
 .debug_info    0x00013362      0x6ea contiki-iris.a(queuebuf.o)
 .debug_info    0x00013a4c     0x107d contiki-iris.a(sicslowpan.o)
 .debug_info    0x00014ac9      0x55d contiki-iris.a(uip-icmp6.o)
 .debug_info    0x00015026      0x3ba contiki-iris.a(rs232.o)
 .debug_info    0x000153e0       0xc5 contiki-iris.a(leds-arch.o)
 .debug_info    0x000154a5       0xfd contiki-iris.a(rtimer-arch.o)
 .debug_info    0x000155a2      0x541 contiki-iris.a(slip.o)
 .debug_info    0x00015ae3       0xe1 contiki-iris.a(watchdog.o)
 .debug_info    0x00015bc4      0x4ab contiki-iris.a(frame802154.o)
 .debug_info    0x0001606f       0xaf /tmp/ccDkboUP.o
 *(.gnu.linkonce.wi.*)

.debug_abbrev   0x00000000     0x5e7b
 *(.debug_abbrev)
 .debug_abbrev  0x00000000      0x265 sensornode.co
 .debug_abbrev  0x00000265      0x214 contiki-iris.a(etimer.o)
 .debug_abbrev  0x00000479      0x1b7 contiki-iris.a(ctimer.o)
 .debug_abbrev  0x00000630       0x69 contiki-iris.a(random.o)
 .debug_abbrev  0x00000699      0x3a7 contiki-iris.a(tcpip.o)
 .debug_abbrev  0x00000a40       0xca contiki-iris.a(uip-debug.o)
 .debug_abbrev  0x00000b0a      0x251 contiki-iris.a(uip-ds6-route.o)
 .debug_abbrev  0x00000d5b      0x251 contiki-iris.a(uip-ds6-nbr.o)
 .debug_abbrev  0x00000fac      0x278 contiki-iris.a(uip-ds6.o)
 .debug_abbrev  0x00001224      0x1d3 contiki-iris.a(uip-nd6.o)
 .debug_abbrev  0x000013f7      0x19a contiki-iris.a(uip-udp-packet.)
 .debug_abbrev  0x00001591      0x2e4 contiki-iris.a(uip6.o)
 .debug_abbrev  0x00001875       0x81 contiki-iris.a(adc.o)
 .debug_abbrev  0x000018f6      0x139 contiki-iris.a(contiki-iris-ma)
 .debug_abbrev  0x00001a2f      0x248 contiki-iris.a(init-net.o)
 .debug_abbrev  0x00001c77       0xce contiki-iris.a(node-id.o)
 .debug_abbrev  0x00001d45      0x190 contiki-iris.a(clock.o)
 .debug_abbrev  0x00001ed5      0x198 contiki-iris.a(ds2401.o)
 .debug_abbrev  0x0000206d      0x120 contiki-iris.a(slip_uart0.o)
 .debug_abbrev  0x0000218d       0x74 contiki-iris.a(mda100cb.o)
 .debug_abbrev  0x00002201       0x8c contiki-iris.a(eeprom.o)
 .debug_abbrev  0x0000228d       0xd6 contiki-iris.a(leds.o)
 .debug_abbrev  0x00002363      0x386 contiki-iris.a(rf230bb.o)
 .debug_abbrev  0x000026e9      0x19a contiki-iris.a(halbb.o)
 .debug_abbrev  0x00002883       0xf4 contiki-iris.a(rimeaddr.o)
 .debug_abbrev  0x00002977      0x2b5 contiki-iris.a(nullrdc.o)
 .debug_abbrev  0x00002c2c       0xa2 contiki-iris.a(mac.o)
 .debug_abbrev  0x00002cce      0x229 contiki-iris.a(framer-802154.o)
 .debug_abbrev  0x00002ef7      0x36b contiki-iris.a(csma.o)
 .debug_abbrev  0x00003262      0x1c7 contiki-iris.a(rpl.o)
 .debug_abbrev  0x00003429      0x3c9 contiki-iris.a(rpl-dag.o)
 .debug_abbrev  0x000037f2      0x365 contiki-iris.a(rpl-icmp6.o)
 .debug_abbrev  0x00003b57      0x18c contiki-iris.a(rpl-timers.o)
 .debug_abbrev  0x00003ce3      0x230 contiki-iris.a(rpl-mrhof.o)
 .debug_abbrev  0x00003f13      0x252 contiki-iris.a(rpl-ext-header.)
 .debug_abbrev  0x00004165      0x2e1 contiki-iris.a(process.o)
 .debug_abbrev  0x00004446       0xf7 contiki-iris.a(autostart.o)
 .debug_abbrev  0x0000453d       0xec contiki-iris.a(memb.o)
 .debug_abbrev  0x00004629      0x132 contiki-iris.a(mmem.o)
 .debug_abbrev  0x0000475b       0xd4 contiki-iris.a(timer.o)
 .debug_abbrev  0x0000482f      0x13c contiki-iris.a(list.o)
 .debug_abbrev  0x0000496b      0x12c contiki-iris.a(rtimer.o)
 .debug_abbrev  0x00004a97       0xc7 contiki-iris.a(stimer.o)
 .debug_abbrev  0x00004b5e      0x293 contiki-iris.a(nbr-table.o)
 .debug_abbrev  0x00004df1      0x22d contiki-iris.a(packetbuf.o)
 .debug_abbrev  0x0000501e      0x1f5 contiki-iris.a(queuebuf.o)
 .debug_abbrev  0x00005213      0x361 contiki-iris.a(sicslowpan.o)
 .debug_abbrev  0x00005574      0x148 contiki-iris.a(uip-icmp6.o)
 .debug_abbrev  0x000056bc      0x188 contiki-iris.a(rs232.o)
 .debug_abbrev  0x00005844       0x89 contiki-iris.a(leds-arch.o)
 .debug_abbrev  0x000058cd       0x98 contiki-iris.a(rtimer-arch.o)
 .debug_abbrev  0x00005965      0x2a8 contiki-iris.a(slip.o)
 .debug_abbrev  0x00005c0d       0x4e contiki-iris.a(watchdog.o)
 .debug_abbrev  0x00005c5b      0x19e contiki-iris.a(frame802154.o)
 .debug_abbrev  0x00005df9       0x82 /tmp/ccDkboUP.o

.debug_line     0x00000000     0xed84
 *(.debug_line)
 .debug_line    0x00000000      0x2af sensornode.co
 .debug_line    0x000002af      0x474 contiki-iris.a(etimer.o)
 .debug_line    0x00000723      0x368 contiki-iris.a(ctimer.o)
 .debug_line    0x00000a8b       0x9d contiki-iris.a(random.o)
 .debug_line    0x00000b28      0x8f4 contiki-iris.a(tcpip.o)
 .debug_line    0x0000141c      0x1a3 contiki-iris.a(uip-debug.o)
 .debug_line    0x000015bf      0x700 contiki-iris.a(uip-ds6-route.o)
 .debug_line    0x00001cbf      0x4f0 contiki-iris.a(uip-ds6-nbr.o)
 .debug_line    0x000021af      0x8f2 contiki-iris.a(uip-ds6.o)
 .debug_line    0x00002aa1      0x662 contiki-iris.a(uip-nd6.o)
 .debug_line    0x00003103      0x19c contiki-iris.a(uip-udp-packet.)
 .debug_line    0x0000329f     0x18a1 contiki-iris.a(uip6.o)
 .debug_line    0x00004b40      0x133 contiki-iris.a(adc.o)
 .debug_line    0x00004c73      0x241 contiki-iris.a(contiki-iris-ma)
 .debug_line    0x00004eb4      0x2fe contiki-iris.a(init-net.o)
 .debug_line    0x000051b2      0x151 contiki-iris.a(node-id.o)
 .debug_line    0x00005303      0x2bf contiki-iris.a(clock.o)
 .debug_line    0x000055c2      0x2f2 contiki-iris.a(ds2401.o)
 .debug_line    0x000058b4      0x135 contiki-iris.a(slip_uart0.o)
 .debug_line    0x000059e9      0x18a contiki-iris.a(mda100cb.o)
 .debug_line    0x00005b73      0x103 contiki-iris.a(eeprom.o)
 .debug_line    0x00005c76      0x19f contiki-iris.a(leds.o)