Archive member included because of file (symbol)

contiki-native.a(etimer.o)    sensornode.co (etimer_set)
contiki-native.a(ctimer.o)    sensornode.co (ctimer_set)
contiki-native.a(random.o)    sensornode.co (random_rand)
contiki-native.a(tcpip.o)     sensornode.co (udp_new)
contiki-native.a(uip-debug.o)
                              sensornode.co (uip_debug_ipaddr_print)
contiki-native.a(uip-udp-packet.)
                              sensornode.co (uip_udp_packet_sendto)
contiki-native.a(uip.o)       contiki-native.a(tcpip.o) (uip_conn)
contiki-native.a(contiki-main.o)
                              /usr/lib/gcc/i686-linux-gnu/4.6/../../../i386-linux-gnu/crt1.o (main)
contiki-native.a(clock.o)     contiki-native.a(etimer.o) (clock_time)
contiki-native.a(button-sensor.o)
                              contiki-native.a(contiki-main.o) (button_sensor)
contiki-native.a(pir-sensor.o)
                              contiki-native.a(contiki-main.o) (pir_sensor)
contiki-native.a(vib-sensor.o)
                              contiki-native.a(contiki-main.o) (vib_sensor)
contiki-native.a(sensors.o)   contiki-native.a(button-sensor.o) (sensors_changed)
contiki-native.a(rimeaddr.o)  contiki-native.a(contiki-main.o) (rimeaddr_set_node_addr)
contiki-native.a(nullmac.o)   contiki-native.a(contiki-main.o) (nullmac_driver)
contiki-native.a(nullrdc.o)   contiki-native.a(contiki-main.o) (nullrdc_driver)
contiki-native.a(mac.o)       contiki-native.a(nullrdc.o) (mac_call_sent_callback)
contiki-native.a(framer-nullmac.)
                              contiki-native.a(nullrdc.o) (framer_nullmac)
contiki-native.a(process.o)   contiki-native.a(tcpip.o) (process_alloc_event)
contiki-native.a(autostart.o)
                              contiki-native.a(contiki-main.o) (autostart_start)
contiki-native.a(serial-line.o)
                              contiki-native.a(contiki-main.o) (serial_line_input_byte)
contiki-native.a(timer.o)     contiki-native.a(etimer.o) (timer_set)
contiki-native.a(list.o)      contiki-native.a(ctimer.o) (list_init)
contiki-native.a(ringbuf.o)   contiki-native.a(serial-line.o) (ringbuf_init)
contiki-native.a(netstack.o)  contiki-native.a(contiki-main.o) (netstack_init)
contiki-native.a(packetbuf.o)
                              contiki-native.a(framer-nullmac.) (packetbuf_hdrreduce)
contiki-native.a(queuebuf.o)  contiki-native.a(contiki-main.o) (queuebuf_init)
contiki-native.a(nullradio.o)
                              contiki-native.a(nullrdc.o) (nullradio_driver)
contiki-native.a(memb.o)      contiki-native.a(queuebuf.o) (memb_init)
/usr/lib/i386-linux-gnu/libc_nonshared.a(elf-init.oS)
                              /usr/lib/gcc/i686-linux-gnu/4.6/../../../i386-linux-gnu/crt1.o (__libc_csu_init)

Allocating common symbols
Common symbol       size              file

uip_draddr          0x4               contiki-native.a(uip.o)
uip_slen            0x2               contiki-native.a(uip.o)
uip_acc32           0x4               contiki-native.a(uip.o)
uip_conns           0x5a0             contiki-native.a(uip.o)
uip_netmask         0x4               contiki-native.a(uip.o)
uip_hostaddr        0x4               contiki-native.a(uip.o)
serial_line_event_message
                    0x1               contiki-native.a(serial-line.o)
uip_appdata         0x4               contiki-native.a(uip.o)
uip_flags           0x1               contiki-native.a(uip.o)
packetbuf_attrs     0x30              contiki-native.a(packetbuf.o)
uip_aligned_buf     0x1a4             contiki-native.a(uip.o)
contiki_argv        0x4               contiki-native.a(contiki-main.o)
uip_listenports     0x50              contiki-native.a(uip.o)
uip_len             0x2               contiki-native.a(uip.o)
tcpip_event         0x1               contiki-native.a(tcpip.o)
uip_sappdata        0x4               contiki-native.a(uip.o)
sensors_event       0x1               contiki-native.a(sensors.o)
uip_udp_conns       0xc8              contiki-native.a(uip.o)
rimeaddr_node_addr  0x2               contiki-native.a(rimeaddr.o)
packetbuf_addrs     0x8               contiki-native.a(packetbuf.o)
uip_udp_conn        0x4               contiki-native.a(uip.o)
sensors_flags       0x4               contiki-native.a(contiki-main.o)
uip_conn            0x4               contiki-native.a(uip.o)

Discarded input sections

 .note.GNU-stack
                0x0000000000000000        0x0 /usr/lib/gcc/i686-linux-gnu/4.6/../../../i386-linux-gnu/crt1.o
 .gnu_debuglink
                0x0000000000000000        0xc /usr/lib/gcc/i686-linux-gnu/4.6/../../../i386-linux-gnu/crt1.o
 .note.GNU-stack
                0x0000000000000000        0x0 /usr/lib/gcc/i686-linux-gnu/4.6/../../../i386-linux-gnu/crti.o
 .gnu_debuglink
                0x0000000000000000        0xc /usr/lib/gcc/i686-linux-gnu/4.6/../../../i386-linux-gnu/crti.o
 .note.GNU-stack
                0x0000000000000000        0x0 /usr/lib/gcc/i686-linux-gnu/4.6/crtbegin.o
 .note.GNU-stack
                0x0000000000000000        0x0 sensornode.co
 .note.GNU-stack
                0x0000000000000000        0x0 contiki-native.a(etimer.o)
 .note.GNU-stack
                0x0000000000000000        0x0 contiki-native.a(ctimer.o)
 .note.GNU-stack
                0x0000000000000000        0x0 contiki-native.a(random.o)
 .note.GNU-stack
                0x0000000000000000        0x0 contiki-native.a(tcpip.o)
 .note.GNU-stack
                0x0000000000000000        0x0 contiki-native.a(uip-debug.o)
 .note.GNU-stack
                0x0000000000000000        0x0 contiki-native.a(uip-udp-packet.)
 .note.GNU-stack
                0x0000000000000000        0x0 contiki-native.a(uip.o)
 .note.GNU-stack
                0x0000000000000000        0x0 contiki-native.a(contiki-main.o)
 .note.GNU-stack
                0x0000000000000000        0x0 contiki-native.a(clock.o)
 .note.GNU-stack
                0x0000000000000000        0x0 contiki-native.a(button-sensor.o)
 .note.GNU-stack
                0x0000000000000000        0x0 contiki-native.a(pir-sensor.o)
 .note.GNU-stack
                0x0000000000000000        0x0 contiki-native.a(vib-sensor.o)
 .note.GNU-stack
                0x0000000000000000        0x0 contiki-native.a(sensors.o)
 .note.GNU-stack
                0x0000000000000000        0x0 contiki-native.a(rimeaddr.o)
 .note.GNU-stack
                0x0000000000000000        0x0 contiki-native.a(nullmac.o)
 .note.GNU-stack
                0x0000000000000000        0x0 contiki-native.a(nullrdc.o)
 .note.GNU-stack
                0x0000000000000000        0x0 contiki-native.a(mac.o)
 .note.GNU-stack
                0x0000000000000000        0x0 contiki-native.a(framer-nullmac.)
 .note.GNU-stack
                0x0000000000000000        0x0 contiki-native.a(process.o)
 .note.GNU-stack
                0x0000000000000000        0x0 contiki-native.a(autostart.o)
 .note.GNU-stack
                0x0000000000000000        0x0 contiki-native.a(serial-line.o)
 .note.GNU-stack
                0x0000000000000000        0x0 contiki-native.a(timer.o)
 .note.GNU-stack
                0x0000000000000000        0x0 contiki-native.a(list.o)
 .note.GNU-stack
                0x0000000000000000        0x0 contiki-native.a(ringbuf.o)
 .note.GNU-stack
                0x0000000000000000        0x0 contiki-native.a(netstack.o)
 .note.GNU-stack
                0x0000000000000000        0x0 contiki-native.a(packetbuf.o)
 .note.GNU-stack
                0x0000000000000000        0x0 contiki-native.a(queuebuf.o)
 .note.GNU-stack
                0x0000000000000000        0x0 contiki-native.a(nullradio.o)
 .note.GNU-stack
                0x0000000000000000        0x0 contiki-native.a(memb.o)
 .group         0x0000000000000000        0x8 /usr/lib/i386-linux-gnu/libc_nonshared.a(elf-init.oS)
 .note.GNU-stack
                0x0000000000000000        0x0 /usr/lib/i386-linux-gnu/libc_nonshared.a(elf-init.oS)
 .note.GNU-stack
                0x0000000000000000        0x0 /usr/lib/gcc/i686-linux-gnu/4.6/crtend.o
 .note.GNU-stack
                0x0000000000000000        0x0 /usr/lib/gcc/i686-linux-gnu/4.6/../../../i386-linux-gnu/crtn.o
 .gnu_debuglink
                0x0000000000000000        0xc /usr/lib/gcc/i686-linux-gnu/4.6/../../../i386-linux-gnu/crtn.o

Memory Configuration

Name             Origin             Length             Attributes
*default*        0x0000000000000000 0xffffffffffffffff

Linker script and memory map

LOAD /usr/lib/gcc/i686-linux-gnu/4.6/../../../i386-linux-gnu/crt1.o
LOAD /usr/lib/gcc/i686-linux-gnu/4.6/../../../i386-linux-gnu/crti.o
LOAD /usr/lib/gcc/i686-linux-gnu/4.6/crtbegin.o
LOAD sensornode.co
LOAD contiki-native.a
LOAD /usr/lib/gcc/i686-linux-gnu/4.6/../../../i386-linux-gnu/libncurses.so
LOAD /lib/i386-linux-gnu/libncurses.so.5
LOAD /usr/lib/gcc/i686-linux-gnu/4.6/../../../i386-linux-gnu/libtinfo.so
LOAD /usr/lib/gcc/i686-linux-gnu/4.6/libgcc.a
LOAD /usr/lib/gcc/i686-linux-gnu/4.6/libgcc_s.so
LOAD /usr/lib/gcc/i686-linux-gnu/4.6/../../../i386-linux-gnu/libc.so
START GROUP
LOAD /lib/i386-linux-gnu/libc.so.6
LOAD /usr/lib/i386-linux-gnu/libc_nonshared.a
LOAD /lib/i386-linux-gnu/ld-linux.so.2
END GROUP
LOAD /usr/lib/gcc/i686-linux-gnu/4.6/libgcc.a
LOAD /usr/lib/gcc/i686-linux-gnu/4.6/libgcc_s.so
LOAD /usr/lib/gcc/i686-linux-gnu/4.6/crtend.o
LOAD /usr/lib/gcc/i686-linux-gnu/4.6/../../../i386-linux-gnu/crtn.o
                0x0000000008048000                PROVIDE (__executable_start, 0x8048000)
                0x0000000008048154                . = (0x8048000 + SIZEOF_HEADERS)

.interp         0x0000000008048154       0x13
 *(.interp)
 .interp        0x0000000008048154       0x13 /usr/lib/gcc/i686-linux-gnu/4.6/../../../i386-linux-gnu/crt1.o

.note.ABI-tag   0x0000000008048168       0x20
 .note.ABI-tag  0x0000000008048168       0x20 /usr/lib/gcc/i686-linux-gnu/4.6/../../../i386-linux-gnu/crt1.o

.note.gnu.build-id
                0x0000000008048188       0x24
 *(.note.gnu.build-id)
 .note.gnu.build-id
                0x0000000008048188       0x24 /usr/lib/gcc/i686-linux-gnu/4.6/../../../i386-linux-gnu/crt1.o

.hash
 *(.hash)

.gnu.hash       0x00000000080481ac      0x754
 *(.gnu.hash)
 .gnu.hash      0x00000000080481ac      0x754 /usr/lib/gcc/i686-linux-gnu/4.6/../../../i386-linux-gnu/crt1.o

.dynsym         0x0000000008048900      0xeb0
 *(.dynsym)
 .dynsym        0x0000000008048900      0xeb0 /usr/lib/gcc/i686-linux-gnu/4.6/../../../i386-linux-gnu/crt1.o

.dynstr         0x00000000080497b0      0xcbd
 *(.dynstr)
 .dynstr        0x00000000080497b0      0xcbd /usr/lib/gcc/i686-linux-gnu/4.6/../../../i386-linux-gnu/crt1.o

.gnu.version    0x000000000804a46e      0x1d6
 *(.gnu.version)
 .gnu.version   0x000000000804a46e      0x1d6 /usr/lib/gcc/i686-linux-gnu/4.6/../../../i386-linux-gnu/crt1.o

.gnu.version_d  0x000000000804a644        0x0
 *(.gnu.version_d)
 .gnu.version_d
                0x0000000000000000        0x0 /usr/lib/gcc/i686-linux-gnu/4.6/../../../i386-linux-gnu/crt1.o

.gnu.version_r  0x000000000804a644       0x40
 *(.gnu.version_r)
 .gnu.version_r
                0x000000000804a644       0x40 /usr/lib/gcc/i686-linux-gnu/4.6/../../../i386-linux-gnu/crt1.o

.rel.dyn        0x000000000804a684       0x18
 *(.rel.init)
 *(.rel.text .rel.text.* .rel.gnu.linkonce.t.*)
 .rel.text      0x0000000000000000        0x0 /usr/lib/gcc/i686-linux-gnu/4.6/../../../i386-linux-gnu/crt1.o
 *(.rel.fini)
 *(.rel.rodata .rel.rodata.* .rel.gnu.linkonce.r.*)
 *(.rel.data.rel.ro* .rel.gnu.linkonce.d.rel.ro.*)
 *(.rel.data .rel.data.* .rel.gnu.linkonce.d.*)
 .rel.data      0x0000000000000000        0x0 /usr/lib/gcc/i686-linux-gnu/4.6/../../../i386-linux-gnu/crt1.o
 *(.rel.tdata .rel.tdata.* .rel.gnu.linkonce.td.*)
 *(.rel.tbss .rel.tbss.* .rel.gnu.linkonce.tb.*)
 *(.rel.ctors)
 *(.rel.dtors)
 *(.rel.got)
 .rel.got       0x000000000804a684        0x8 /usr/lib/gcc/i686-linux-gnu/4.6/../../../i386-linux-gnu/crt1.o
 *(.rel.bss .rel.bss.* .rel.gnu.linkonce.b.*)
 .rel.bss       0x000000000804a68c       0x10 /usr/lib/gcc/i686-linux-gnu/4.6/../../../i386-linux-gnu/crt1.o
 *(.rel.ifunc)

.rel.plt        0x000000000804a69c       0xa0
 *(.rel.plt)
 .rel.plt       0x000000000804a69c       0xa0 /usr/lib/gcc/i686-linux-gnu/4.6/../../../i386-linux-gnu/crt1.o
                0x000000000804a73c                PROVIDE (__rel_iplt_start, .)
 *(.rel.iplt)
 .rel.iplt      0x0000000000000000        0x0 /usr/lib/gcc/i686-linux-gnu/4.6/../../../i386-linux-gnu/crt1.o
                0x000000000804a73c                PROVIDE (__rel_iplt_end, .)

.init           0x000000000804a73c       0x2e
 *(.init)
 .init          0x000000000804a73c       0x1f /usr/lib/gcc/i686-linux-gnu/4.6/../../../i386-linux-gnu/crti.o
                0x000000000804a73c                _init
 .init          0x000000000804a75b        0x5 /usr/lib/gcc/i686-linux-gnu/4.6/crtbegin.o
 .init          0x000000000804a760        0x5 /usr/lib/gcc/i686-linux-gnu/4.6/crtend.o
 .init          0x000000000804a765        0x5 /usr/lib/gcc/i686-linux-gnu/4.6/../../../i386-linux-gnu/crtn.o

.plt            0x000000000804a770      0x150
 *(.plt)
 .plt           0x000000000804a770      0x150 /usr/lib/gcc/i686-linux-gnu/4.6/../../../i386-linux-gnu/crt1.o
                0x000000000804a780                read@@GLIBC_2.0
                0x000000000804a790                memcpy@@GLIBC_2.0
                0x000000000804a7a0                memcmp@@GLIBC_2.0
                0x000000000804a7b0                gettimeofday@@GLIBC_2.0
                0x000000000804a7c0                select@@GLIBC_2.0
                0x000000000804a7d0                __stack_chk_fail@@GLIBC_2.4
                0x000000000804a7e0                perror@@GLIBC_2.0
                0x000000000804a7f0                puts@@GLIBC_2.0
                0x000000000804a800                __memcpy_chk@@GLIBC_2.3.4
                0x000000000804a820                srand@@GLIBC_2.0
                0x000000000804a830                __libc_start_main@@GLIBC_2.0
                0x000000000804a840                setvbuf@@GLIBC_2.0
                0x000000000804a850                memset@@GLIBC_2.0
                0x000000000804a860                putchar@@GLIBC_2.0
                0x000000000804a870                rand@@GLIBC_2.0
                0x000000000804a880                __printf_chk@@GLIBC_2.3.4
                0x000000000804a890                __fprintf_chk@@GLIBC_2.3.4
                0x000000000804a8a0                strncmp@@GLIBC_2.0
                0x000000000804a8b0                __sprintf_chk@@GLIBC_2.3.4
 *(.iplt)
 .iplt          0x0000000000000000        0x0 /usr/lib/gcc/i686-linux-gnu/4.6/../../../i386-linux-gnu/crt1.o

.text           0x000000000804a8c0     0x447c
 *(.text.unlikely .text.*_unlikely)
 *(.text.exit .text.exit.*)
 *(.text.startup .text.startup.*)
 *(.text.hot .text.hot.*)
 *(.text .stub .text.* .gnu.linkonce.t.*)
 .text          0x000000000804a8c0       0x24 /usr/lib/gcc/i686-linux-gnu/4.6/../../../i386-linux-gnu/crt1.o
                0x000000000804a8c0                _start
 .text          0x000000000804a8e4        0x0 /usr/lib/gcc/i686-linux-gnu/4.6/../../../i386-linux-gnu/crti.o
 *fill*         0x000000000804a8e4        0xc 90909090
 .text          0x000000000804a8f0       0x83 /usr/lib/gcc/i686-linux-gnu/4.6/crtbegin.o
 *fill*         0x000000000804a973        0xd 90909090
 .text          0x000000000804a980      0x35e sensornode.co
 *fill*         0x000000000804acde        0x2 90909090
 .text          0x000000000804ace0      0x2e9 contiki-native.a(etimer.o)
                0x000000000804ad32                etimer_request_poll
                0x000000000804aeb8                etimer_set
                0x000000000804aedc                etimer_reset
                0x000000000804aef8                etimer_restart
                0x000000000804af14                etimer_adjust
                0x000000000804af2a                etimer_expired
                0x000000000804af39                etimer_expiration_time
                0x000000000804af43                etimer_start_time
                0x000000000804af4a                etimer_pending
                0x000000000804af58                etimer_next_expiration_time
                0x000000000804af6c                etimer_stop
 *fill*         0x000000000804afc9        0x7 90909090
 .text          0x000000000804afd0      0x2f3 contiki-native.a(ctimer.o)
                0x000000000804b0ae                ctimer_init
                0x000000000804b0dc                ctimer_set
                0x000000000804b15f                ctimer_reset
                0x000000000804b1c4                ctimer_restart
                0x000000000804b229                ctimer_stop
                0x000000000804b26a                ctimer_expired
 *fill*         0x000000000804b2c3        0x1 90909090
 .text          0x000000000804b2c4       0x20 contiki-native.a(random.o)
                0x000000000804b2c4                random_init
                0x000000000804b2d8                random_rand
 *fill*         0x000000000804b2e4        0xc 90909090
 .text          0x000000000804b2f0      0x5c2 contiki-native.a(tcpip.o)
                0x000000000804b313                tcpip_output
                0x000000000804b5ba                tcpip_set_outputfunc
                0x000000000804b5c4                tcp_unlisten
                0x000000000804b62c                tcp_listen
                0x000000000804b6ab                tcp_attach
                0x000000000804b6c0                udp_attach
                0x000000000804b6d5                udp_new
                0x000000000804b705                udp_broadcast_new
                0x000000000804b768                tcpip_input
                0x000000000804b794                tcpip_poll_udp
                0x000000000804b7b7                tcpip_poll_tcp
                0x000000000804b7da                tcp_connect
                0x000000000804b817                tcpip_uipcall
 *fill*         0x000000000804b8b2        0x2 90909090
 .text          0x000000000804b8b4       0xc7 contiki-native.a(uip-debug.o)
                0x000000000804b8b4                uip_debug_ipaddr_print
                0x000000000804b90e                uip_debug_lladdr_print
 *fill*         0x000000000804b97b        0x1 90909090
 .text          0x000000000804b97c       0xcc contiki-native.a(uip-udp-packet.)
                0x000000000804b97c                uip_udp_packet_send
                0x000000000804b9ec                uip_udp_packet_sendto
 *fill*         0x000000000804ba48        0x8 90909090
 .text          0x000000000804ba50     0x162b contiki-native.a(uip.o)
                0x000000000804ba9c                uip_setipid
                0x000000000804baa7                uip_add32
                0x000000000804bb99                uip_init
                0x000000000804bbea                uip_unlisten
                0x000000000804bc42                uip_listen
                0x000000000804bc9a                uip_htons
                0x000000000804bca4                uip_udp_new
                0x000000000804bd97                uip_connect
                0x000000000804bf3b                uip_udpchksum
                0x000000000804bf47                uip_tcpchksum
                0x000000000804bf53                uip_ipchksum
                0x000000000804bf87                uip_process
                0x000000000804cff8                uip_chksum
                0x000000000804d01d                uip_htonl
                0x000000000804d037                uip_send
 *fill*         0x000000000804d07b        0x5 90909090
 .text          0x000000000804d080      0x42e contiki-native.a(contiki-main.o)
                0x000000000804d0ca                select_set_callback
                0x000000000804d161                main
                0x000000000804d44e                log_message
                0x000000000804d482                uip_log
 *fill*         0x000000000804d4ae        0x2 90909090
 .text          0x000000000804d4b0       0x5e contiki-native.a(clock.o)
                0x000000000804d4b0                clock_time
                0x000000000804d4ed                clock_seconds
                0x000000000804d50c                clock_delay
 *fill*         0x000000000804d50e        0x2 90909090
 .text          0x000000000804d510       0x25 contiki-native.a(button-sensor.o)
                0x000000000804d522                button_press
 *fill*         0x000000000804d535        0x3 90909090
 .text          0x000000000804d538       0x2f contiki-native.a(pir-sensor.o)
                0x000000000804d54a                pir_sensor_changed
 *fill*         0x000000000804d567        0x1 90909090
 .text          0x000000000804d568       0x2c contiki-native.a(vib-sensor.o)
                0x000000000804d57a                vib_sensor_changed
 .text          0x000000000804d594      0x20c contiki-native.a(sensors.o)
                0x000000000804d6fb                sensors_first
                0x000000000804d701                sensors_next
                0x000000000804d712                sensors_changed
                0x000000000804d735                sensors_find
 .text          0x000000000804d7a0       0x55 contiki-native.a(rimeaddr.o)
                0x000000000804d7a0                rimeaddr_copy
                0x000000000804d7af                rimeaddr_cmp
                0x000000000804d7da                rimeaddr_set_node_addr
 *fill*         0x000000000804d7f5        0x3 90909090
 .text          0x000000000804d7f8       0x52 contiki-native.a(nullmac.o)
 *fill*         0x000000000804d84a        0x6 90909090
 .text          0x000000000804d850      0x18d contiki-native.a(nullrdc.o)
 *fill*         0x000000000804d9dd        0x3 90909090
 .text          0x000000000804d9e0       0x28 contiki-native.a(mac.o)
                0x000000000804d9e0                mac_call_sent_callback
 .text          0x000000000804da08       0xa6 contiki-native.a(framer-nullmac.)
 *fill*         0x000000000804daae        0x2 90909090
 .text          0x000000000804dab0      0x3ee contiki-native.a(process.o)
                0x000000000804dab0                process_alloc_event
                0x000000000804dac1                process_init
                0x000000000804daeb                process_nevents
                0x000000000804daff                process_post
                0x000000000804db59                process_poll
                0x000000000804db7a                process_is_running
                0x000000000804dccd                process_post_synch
                0x000000000804dcf4                process_start
                0x000000000804dd8f                process_run
                0x000000000804de88                process_exit
 *fill*         0x000000000804de9e        0x2 90909090
 .text          0x000000000804dea0       0x50 contiki-native.a(autostart.o)
                0x000000000804dea0                autostart_start
                0x000000000804decc                autostart_exit
 .text          0x000000000804def0      0x1b1 contiki-native.a(serial-line.o)
                0x000000000804dff6                serial_line_input_byte
                0x000000000804e06a                serial_line_init
 *fill*         0x000000000804e0a1        0x3 90909090
 .text          0x000000000804e0a4       0x72 contiki-native.a(timer.o)
                0x000000000804e0a4                timer_set
                0x000000000804e0bf                timer_reset
                0x000000000804e0c9                timer_restart
                0x000000000804e0db                timer_expired
                0x000000000804e0fb                timer_remaining
 *fill*         0x000000000804e116        0xa 90909090
 .text          0x000000000804e120      0x17c contiki-native.a(list.o)
                0x000000000804e120                list_init
                0x000000000804e12b                list_head
                0x000000000804e132                list_copy
                0x000000000804e13f                list_tail
                0x000000000804e155                list_chop
                0x000000000804e17e                list_pop
                0x000000000804e18e                list_remove
                0x000000000804e1d2                list_push
                0x000000000804e203                list_add
                0x000000000804e246                list_length
                0x000000000804e260                list_insert
                0x000000000804e28b                list_item_next
 .text          0x000000000804e29c       0xe9 contiki-native.a(ringbuf.o)
                0x000000000804e29c                ringbuf_init
                0x000000000804e2ba                ringbuf_put
                0x000000000804e318                ringbuf_get
                0x000000000804e364                ringbuf_size
                0x000000000804e370                ringbuf_elements
 *fill*         0x000000000804e385        0xb 90909090
 .text          0x000000000804e390       0x21 contiki-native.a(netstack.o)
                0x000000000804e390                netstack_init
 *fill*         0x000000000804e3b1        0x3 90909090
 .text          0x000000000804e3b4      0x485 contiki-native.a(packetbuf.o)
                0x000000000804e3b4                packetbuf_clear_hdr
                0x000000000804e3bc                packetbuf_copyto_hdr
                0x000000000804e3ee                packetbuf_copyto
                0x000000000804e484                packetbuf_hdr_remove
                0x000000000804e48f                packetbuf_hdrreduce
                0x000000000804e4bc                packetbuf_set_datalen
                0x000000000804e4c7                packetbuf_dataptr
                0x000000000804e4d4                packetbuf_hdrptr
                0x000000000804e4e1                packetbuf_is_reference
                0x000000000804e4f2                packetbuf_reference_ptr
                0x000000000804e4f8                packetbuf_datalen
                0x000000000804e500                packetbuf_compact
                0x000000000804e580                packetbuf_hdrlen
                0x000000000804e58c                packetbuf_totlen
                0x000000000804e5a0                packetbuf_hdralloc
                0x000000000804e5f2                packetbuf_attr_clear
                0x000000000804e636                packetbuf_clear
                0x000000000804e665                packetbuf_reference
                0x000000000804e687                packetbuf_copyfrom
                0x000000000804e6da                packetbuf_attr_copyto
                0x000000000804e75d                packetbuf_attr_copyfrom
                0x000000000804e7df                packetbuf_set_attr
                0x000000000804e7f6                packetbuf_attr
                0x000000000804e804                packetbuf_set_addr
                0x000000000804e82c                packetbuf_addr
 *fill*         0x000000000804e839        0x3 90909090
 .text          0x000000000804e83c      0x2ab contiki-native.a(queuebuf.o)
                0x000000000804e83f                queuebuf_init
                0x000000000804e86a                queuebuf_new_from_packetbuf
                0x000000000804e91b                queuebuf_update_attr_from_packetbuf
                0x000000000804e942                queuebuf_free
                0x000000000804e9ab                queuebuf_to_packetbuf
                0x000000000804ea56                queuebuf_dataptr
                0x000000000804eaa1                queuebuf_datalen
                0x000000000804eaae                queuebuf_addr
                0x000000000804eac9                queuebuf_attr
                0x000000000804eae5                queuebuf_debug_print
 *fill*         0x000000000804eae7        0x1 90909090
 .text          0x000000000804eae8       0x4a contiki-native.a(nullradio.o)
 *fill*         0x000000000804eb32        0xe 90909090
 .text          0x000000000804eb40      0x150 contiki-native.a(memb.o)
                0x000000000804eb40                memb_init
                0x000000000804eb89                memb_alloc
                0x000000000804ebe5                memb_free
                0x000000000804ec53                memb_inmemb
 .text          0x000000000804ec90       0x72 /usr/lib/i386-linux-gnu/libc_nonshared.a(elf-init.oS)
                0x000000000804ec90                __libc_csu_init
                0x000000000804ed00                __libc_csu_fini
 .text.__i686.get_pc_thunk.bx
                0x000000000804ed02        0x4 /usr/lib/i386-linux-gnu/libc_nonshared.a(elf-init.oS)
                0x000000000804ed02                __i686.get_pc_thunk.bx
 *fill*         0x000000000804ed06        0xa 90909090
 .text          0x000000000804ed10       0x2a /usr/lib/gcc/i686-linux-gnu/4.6/crtend.o
 *fill*         0x000000000804ed3a        0x2 90909090
 .text          0x000000000804ed3c        0x0 /usr/lib/gcc/i686-linux-gnu/4.6/../../../i386-linux-gnu/crtn.o
 *(.gnu.warning)

.fini           0x000000000804ed3c       0x1a
 *(.fini)
 .fini          0x000000000804ed3c       0x10 /usr/lib/gcc/i686-linux-gnu/4.6/../../../i386-linux-gnu/crti.o
                0x000000000804ed3c                _fini
 .fini          0x000000000804ed4c        0x5 /usr/lib/gcc/i686-linux-gnu/4.6/crtbegin.o
 .fini          0x000000000804ed51        0x5 /usr/lib/gcc/i686-linux-gnu/4.6/../../../i386-linux-gnu/crtn.o
                0x000000000804ed56                PROVIDE (__etext, .)
                0x000000000804ed56                PROVIDE (_etext, .)
                0x000000000804ed56                PROVIDE (etext, .)

.rodata         0x000000000804ed60      0x308
 *(.rodata .rodata.* .gnu.linkonce.r.*)
 .rodata        0x000000000804ed60        0x4 /usr/lib/gcc/i686-linux-gnu/4.6/../../../i386-linux-gnu/crt1.o
                0x000000000804ed60                _fp_hw
 .rodata.cst4   0x000000000804ed64        0x4 /usr/lib/gcc/i686-linux-gnu/4.6/../../../i386-linux-gnu/crt1.o
                0x000000000804ed64                _IO_stdin_used
 .rodata.str1.1
                0x000000000804ed68       0x77 sensornode.co
 *fill*         0x000000000804eddf        0x1 00
 .rodata.str1.4
                0x000000000804ede0       0x5a sensornode.co
 *fill*         0x000000000804ee3a        0x2 00
 .rodata        0x000000000804ee3c        0x8 sensornode.co
                0x000000000804ee3c                autostart_processes
 .rodata.str1.1
                0x000000000804ee44        0xc contiki-native.a(etimer.o)
 .rodata.str1.1
                0x000000000804ee50        0xf contiki-native.a(ctimer.o)
 .rodata.str1.1
                0x000000000804ee5f        0xd contiki-native.a(tcpip.o)
 .rodata.str1.1
                0x000000000804ee6c       0x20 contiki-native.a(uip-debug.o)
 .rodata        0x000000000804ee8c       0x4c contiki-native.a(uip.o)
                0x000000000804eed0                uip_all_zeroes_addr
                0x000000000804eed4                uip_broadcast_addr
 .rodata.str1.1
                0x000000000804eed8       0x72 contiki-native.a(contiki-main.o)
                                         0x76 (size before relaxing)
 *fill*         0x000000000804ef4a        0x2 00
 .rodata.str1.4
                0x000000000804ef4c       0x24 contiki-native.a(contiki-main.o)
                                         0x23 (size before relaxing)
 .rodata        0x000000000804ef70        0x8 contiki-native.a(contiki-main.o)
 .rodata.str1.1
                0x000000000804ef78        0x7 contiki-native.a(button-sensor.o)
 *fill*         0x000000000804ef7f        0x1 00
 .rodata        0x000000000804ef80       0x10 contiki-native.a(button-sensor.o)
                0x000000000804ef80                button_sensor
 .rodata.str1.1
                0x000000000804ef90        0x4 contiki-native.a(pir-sensor.o)
 .rodata        0x000000000804ef94       0x10 contiki-native.a(pir-sensor.o)
                0x000000000804ef94                pir_sensor
 .rodata.str1.1
                0x000000000804efa4        0xa contiki-native.a(vib-sensor.o)
 *fill*         0x000000000804efae        0x2 00
 .rodata        0x000000000804efb0       0x10 contiki-native.a(vib-sensor.o)
                0x000000000804efb0                vib_sensor
 .rodata.str1.1
                0x000000000804efc0        0x8 contiki-native.a(sensors.o)
 .rodata        0x000000000804efc8        0x2 contiki-native.a(rimeaddr.o)
                0x000000000804efc8                rimeaddr_null
 .rodata.str1.1
                0x000000000804efca        0x8 contiki-native.a(nullmac.o)
 *fill*         0x000000000804efd2        0x2 00
 .rodata        0x000000000804efd4       0x1c contiki-native.a(nullmac.o)
                0x000000000804efd4                nullmac_driver
 .rodata.str1.1
                0x000000000804eff0        0x8 contiki-native.a(nullrdc.o)
 *fill*         0x000000000804eff8        0x8 00
 .rodata        0x000000000804f000       0x20 contiki-native.a(nullrdc.o)
                0x000000000804f000                nullrdc_driver
 .rodata        0x000000000804f020        0x8 contiki-native.a(framer-nullmac.)
                0x000000000804f020                framer_nullmac
 .rodata.str1.1
                0x000000000804f028        0xe contiki-native.a(serial-line.o)
 *fill*         0x000000000804f036        0xa 00
 .rodata        0x000000000804f040       0x28 contiki-native.a(nullradio.o)
                0x000000000804f040                nullradio_driver

.rodata1
 *(.rodata1)

.eh_frame_hdr   0x000000000804f068      0x66c
 *(.eh_frame_hdr)
 .eh_frame_hdr  0x000000000804f068      0x66c /usr/lib/gcc/i686-linux-gnu/4.6/../../../i386-linux-gnu/crt1.o

.eh_frame       0x000000000804f6d4     0x163c
 *(.eh_frame)
 .eh_frame      0x000000000804f6d4       0x3c /usr/lib/gcc/i686-linux-gnu/4.6/../../../i386-linux-gnu/crt1.o
                                         0x40 (size before relaxing)
 .eh_frame      0x000000000804f710       0x54 sensornode.co
                                         0x6c (size before relaxing)
 .eh_frame      0x000000000804f764      0x194 contiki-native.a(etimer.o)
                                        0x1ac (size before relaxing)
 .eh_frame      0x000000000804f8f8       0xf0 contiki-native.a(ctimer.o)
                                        0x108 (size before relaxing)
 .eh_frame      0x000000000804f9e8       0x30 contiki-native.a(random.o)
                                         0x48 (size before relaxing)
 .eh_frame      0x000000000804fa18      0x1e0 contiki-native.a(tcpip.o)
                                        0x1f8 (size before relaxing)
 .eh_frame      0x000000000804fbf8       0x44 contiki-native.a(uip-debug.o)
                                         0x5c (size before relaxing)
 .eh_frame      0x000000000804fc3c       0x3c contiki-native.a(uip-udp-packet.)
                                         0x54 (size before relaxing)
 .eh_frame      0x000000000804fc78      0x238 contiki-native.a(uip.o)
                                        0x250 (size before relaxing)
 .eh_frame      0x000000000804feb0       0x90 contiki-native.a(contiki-main.o)
                                         0xa8 (size before relaxing)
 .eh_frame      0x000000000804ff40       0x4c contiki-native.a(clock.o)
                                         0x64 (size before relaxing)
 .eh_frame      0x000000000804ff8c       0x54 contiki-native.a(button-sensor.o)
                                         0x6c (size before relaxing)
 .eh_frame      0x000000000804ffe0       0x54 contiki-native.a(pir-sensor.o)
                                         0x6c (size before relaxing)
 .eh_frame      0x0000000008050034       0x54 contiki-native.a(vib-sensor.o)
                                         0x6c (size before relaxing)
 .eh_frame      0x0000000008050088       0xb4 contiki-native.a(sensors.o)
                                         0xcc (size before relaxing)
 .eh_frame      0x000000000805013c       0x44 contiki-native.a(rimeaddr.o)
                                         0x5c (size before relaxing)
 .eh_frame      0x0000000008050180       0x88 contiki-native.a(nullmac.o)
                                         0xa0 (size before relaxing)
 .eh_frame      0x0000000008050208       0xe4 contiki-native.a(nullrdc.o)
                                         0xfc (size before relaxing)
 .eh_frame      0x00000000080502ec       0x18 contiki-native.a(mac.o)
                                         0x30 (size before relaxing)
 .eh_frame      0x0000000008050304       0x48 contiki-native.a(framer-nullmac.)
                                         0x60 (size before relaxing)
 .eh_frame      0x000000000805034c      0x170 contiki-native.a(process.o)
                                        0x188 (size before relaxing)
 .eh_frame      0x00000000080504bc       0x40 contiki-native.a(autostart.o)
                                         0x58 (size before relaxing)
 .eh_frame      0x00000000080504fc       0x54 contiki-native.a(serial-line.o)
                                         0x6c (size before relaxing)
 .eh_frame      0x0000000008050550       0x8c contiki-native.a(timer.o)
                                         0xa4 (size before relaxing)
 .eh_frame      0x00000000080505dc      0x114 contiki-native.a(list.o)
                                        0x12c (size before relaxing)
 .eh_frame      0x00000000080506f0       0x80 contiki-native.a(ringbuf.o)
                                         0x98 (size before relaxing)
 .eh_frame      0x0000000008050770       0x18 contiki-native.a(netstack.o)
                                         0x30 (size before relaxing)
 .eh_frame      0x0000000008050788      0x26c contiki-native.a(packetbuf.o)
                                        0x284 (size before relaxing)
 .eh_frame      0x00000000080509f4      0x13c contiki-native.a(queuebuf.o)
                                        0x154 (size before relaxing)
 .eh_frame      0x0000000008050b30       0xcc contiki-native.a(nullradio.o)
                                         0xe4 (size before relaxing)
 .eh_frame      0x0000000008050bfc       0xac contiki-native.a(memb.o)
                                         0xc4 (size before relaxing)
 .eh_frame      0x0000000008050ca8       0x64 /usr/lib/i386-linux-gnu/libc_nonshared.a(elf-init.oS)
                                         0x7c (size before relaxing)
 .eh_frame      0x0000000008050d0c        0x4 /usr/lib/gcc/i686-linux-gnu/4.6/crtend.o

.gcc_except_table
 *(.gcc_except_table .gcc_except_table.*)

.exception_ranges
 *(.exception_ranges .exception_ranges*)
                0x0000000008050d10                . = (ALIGN (0x1000) - ((0x1000 - .) & 0xfff))
                0x0000000008051f14                . = DATA_SEGMENT_ALIGN (0x1000, 0x1000)

.eh_frame
 *(.eh_frame)

.gcc_except_table
 *(.gcc_except_table .gcc_except_table.*)

.exception_ranges
 *(.exception_ranges .exception_ranges*)

.tdata
 *(.tdata .tdata.* .gnu.linkonce.td.*)

.tbss
 *(.tbss .tbss.* .gnu.linkonce.tb.*)
 *(.tcommon)

.preinit_array  0x0000000008051f14        0x0
                0x0000000008051f14                PROVIDE (__preinit_array_start, .)
 *(.preinit_array)
                0x0000000008051f14                PROVIDE (__preinit_array_end, .)

.init_array     0x0000000008051f14        0x0
                0x0000000008051f14                PROVIDE (__init_array_start, .)
 *(SORT(.init_array.*) SORT(.ctors.*))
 *(.init_array)
 *(EXCLUDE_FILE(*crtend?.o *crtend.o *crtbegin?.o *crtbegin.o) .ctors)
                0x0000000008051f14                PROVIDE (__init_array_end, .)

.fini_array     0x0000000008051f14        0x0
                0x0000000008051f14                PROVIDE (__fini_array_start, .)
 *(SORT(.fini_array.*) SORT(.dtors.*))
 *(.fini_array)
 *(EXCLUDE_FILE(*crtend?.o *crtend.o *crtbegin?.o *crtbegin.o) .dtors)
                0x0000000008051f14                PROVIDE (__fini_array_end, .)

.ctors          0x0000000008051f14        0x8
 *crtbegin.o(.ctors)
 .ctors         0x0000000008051f14        0x4 /usr/lib/gcc/i686-linux-gnu/4.6/crtbegin.o
 *crtbegin?.o(.ctors)
 *(EXCLUDE_FILE(*crtend?.o *crtend.o) .ctors)
 *(SORT(.ctors.*))
 *(.ctors)
 .ctors         0x0000000008051f18        0x4 /usr/lib/gcc/i686-linux-gnu/4.6/crtend.o

.dtors          0x0000000008051f1c        0x8
 *crtbegin.o(.dtors)
 .dtors         0x0000000008051f1c        0x4 /usr/lib/gcc/i686-linux-gnu/4.6/crtbegin.o
 *crtbegin?.o(.dtors)
 *(EXCLUDE_FILE(*crtend?.o *crtend.o) .dtors)
 *(SORT(.dtors.*))
 *(.dtors)
 .dtors         0x0000000008051f20        0x4 /usr/lib/gcc/i686-linux-gnu/4.6/crtend.o
                0x0000000008051f20                __DTOR_END__

.jcr            0x0000000008051f24        0x4
 *(.jcr)
 .jcr           0x0000000008051f24        0x0 /usr/lib/gcc/i686-linux-gnu/4.6/crtbegin.o
 .jcr           0x0000000008051f24        0x4 /usr/lib/gcc/i686-linux-gnu/4.6/crtend.o

.data.rel.ro
 *(.data.rel.ro.local* .gnu.linkonce.d.rel.ro.local.*)
 *(.data.rel.ro* .gnu.linkonce.d.rel.ro.*)

.dynamic        0x0000000008051f28       0xc8
 *(.dynamic)
 .dynamic       0x0000000008051f28       0xc8 /usr/lib/gcc/i686-linux-gnu/4.6/../../../i386-linux-gnu/crt1.o
                0x0000000008051f28                _DYNAMIC

.got            0x0000000008051ff0        0x4
 *(.got)
 .got           0x0000000008051ff0        0x4 /usr/lib/gcc/i686-linux-gnu/4.6/../../../i386-linux-gnu/crt1.o
 *(.igot)
                0x0000000008051ff4                . = DATA_SEGMENT_RELRO_END (., 0xc)

.got.plt        0x0000000008051ff4       0x5c
 *(.got.plt)
 .got.plt       0x0000000008051ff4       0x5c /usr/lib/gcc/i686-linux-gnu/4.6/../../../i386-linux-gnu/crt1.o
                0x0000000008051ff4                _GLOBAL_OFFSET_TABLE_
 *(.igot.plt)
 .igot.plt      0x0000000000000000        0x0 /usr/lib/gcc/i686-linux-gnu/4.6/../../../i386-linux-gnu/crt1.o

.data           0x0000000008052050       0xa4
 *(.data .data.* .gnu.linkonce.d.*)
 .data          0x0000000008052050        0x4 /usr/lib/gcc/i686-linux-gnu/4.6/../../../i386-linux-gnu/crt1.o
                0x0000000008052050                data_start
                0x0000000008052050                __data_start
 .data          0x0000000008052054        0x0 /usr/lib/gcc/i686-linux-gnu/4.6/../../../i386-linux-gnu/crti.o
 .data          0x0000000008052054        0x4 /usr/lib/gcc/i686-linux-gnu/4.6/crtbegin.o
                0x0000000008052054                __dso_handle
 .data          0x0000000008052058       0x10 sensornode.co
                0x0000000008052058                udp_client_process
 .data          0x0000000008052068       0x10 contiki-native.a(etimer.o)
                0x0000000008052068                etimer_process
 .data          0x0000000008052078       0x10 contiki-native.a(ctimer.o)
                0x0000000008052078                ctimer_process
 .data          0x0000000008052088        0x0 contiki-native.a(random.o)
 .data          0x0000000008052088       0x10 contiki-native.a(tcpip.o)
                0x0000000008052088                tcpip_process
 .data          0x0000000008052098        0x0 contiki-native.a(uip-debug.o)
 .data          0x0000000008052098        0x0 contiki-native.a(uip-udp-packet.)
 .data          0x0000000008052098        0x0 contiki-native.a(uip.o)
 .data          0x0000000008052098       0x18 contiki-native.a(contiki-main.o)
                0x0000000008052098                sensors
 .data          0x00000000080520b0        0x0 contiki-native.a(clock.o)
 .data          0x00000000080520b0        0x0 contiki-native.a(button-sensor.o)
 .data          0x00000000080520b0        0x0 contiki-native.a(pir-sensor.o)
 .data          0x00000000080520b0        0x0 contiki-native.a(vib-sensor.o)
 .data          0x00000000080520b0       0x10 contiki-native.a(sensors.o)
                0x00000000080520b0                sensors_process
 .data          0x00000000080520c0        0x0 contiki-native.a(rimeaddr.o)
 .data          0x00000000080520c0        0x0 contiki-native.a(nullmac.o)
 .data          0x00000000080520c0        0x0 contiki-native.a(nullrdc.o)
 .data          0x00000000080520c0        0x0 contiki-native.a(mac.o)
 .data          0x00000000080520c0        0x0 contiki-native.a(framer-nullmac.)
 .data          0x00000000080520c0        0x0 contiki-native.a(process.o)
 .data          0x00000000080520c0        0x0 contiki-native.a(autostart.o)
 .data          0x00000000080520c0       0x10 contiki-native.a(serial-line.o)
                0x00000000080520c0                serial_line_process
 .data          0x00000000080520d0        0x0 contiki-native.a(timer.o)
 .data          0x00000000080520d0        0x0 contiki-native.a(list.o)
 .data          0x00000000080520d0        0x0 contiki-native.a(ringbuf.o)
 .data          0x00000000080520d0        0x0 contiki-native.a(netstack.o)
 .data          0x00000000080520d0        0x0 contiki-native.a(packetbuf.o)
 .data          0x00000000080520d0       0x24 contiki-native.a(queuebuf.o)
 .data          0x00000000080520f4        0x0 contiki-native.a(nullradio.o)
 .data          0x00000000080520f4        0x0 contiki-native.a(memb.o)
 .data          0x00000000080520f4        0x0 /usr/lib/i386-linux-gnu/libc_nonshared.a(elf-init.oS)
 .data          0x00000000080520f4        0x0 /usr/lib/gcc/i686-linux-gnu/4.6/crtend.o
 .data          0x00000000080520f4        0x0 /usr/lib/gcc/i686-linux-gnu/4.6/../../../i386-linux-gnu/crtn.o

.data1
 *(.data1)
                0x00000000080520f4                _edata = .
                0x00000000080520f4                PROVIDE (edata, .)
                0x00000000080520f4                __bss_start = .

.bss            0x0000000008052100     0x1638
 *(.dynbss)
 .dynbss        0x0000000008052100       0x24 /usr/lib/gcc/i686-linux-gnu/4.6/../../../i386-linux-gnu/crt1.o
                0x0000000008052100                stderr@@GLIBC_2.0
                0x0000000008052120                stdout@@GLIBC_2.0
 *(.bss .bss.* .gnu.linkonce.b.*)
 .bss           0x0000000008052124        0x0 /usr/lib/gcc/i686-linux-gnu/4.6/../../../i386-linux-gnu/crt1.o
 .bss           0x0000000008052124        0x0 /usr/lib/gcc/i686-linux-gnu/4.6/../../../i386-linux-gnu/crti.o
 .bss           0x0000000008052124        0x8 /usr/lib/gcc/i686-linux-gnu/4.6/crtbegin.o
 *fill*         0x000000000805212c       0x14 00
 .bss           0x0000000008052140       0x44 sensornode.co
 .bss           0x0000000008052184        0x8 contiki-native.a(etimer.o)
 .bss           0x000000000805218c        0x8 contiki-native.a(ctimer.o)
 .bss           0x0000000008052194        0x0 contiki-native.a(random.o)
 *fill*         0x0000000008052194        0xc 00
 .bss           0x00000000080521a0      0x178 contiki-native.a(tcpip.o)
 .bss           0x0000000008052318        0x0 contiki-native.a(uip-debug.o)
 .bss           0x0000000008052318        0x0 contiki-native.a(uip-udp-packet.)
 .bss           0x0000000008052318       0x13 contiki-native.a(uip.o)
                0x0000000008052318                uip_lladdr
 *fill*         0x000000000805232b       0x15 00
 .bss           0x0000000008052340       0x44 contiki-native.a(contiki-main.o)
                0x0000000008052340                contiki_argc
 .bss           0x0000000008052384        0x0 contiki-native.a(clock.o)
 .bss           0x0000000008052384        0x0 contiki-native.a(button-sensor.o)
 .bss           0x0000000008052384        0x4 contiki-native.a(pir-sensor.o)
 .bss           0x0000000008052388        0x4 contiki-native.a(vib-sensor.o)
 .bss           0x000000000805238c        0xc contiki-native.a(sensors.o)
 .bss           0x0000000008052398        0x0 contiki-native.a(rimeaddr.o)
 .bss           0x0000000008052398        0x0 contiki-native.a(nullmac.o)
 .bss           0x0000000008052398        0x0 contiki-native.a(nullrdc.o)
 .bss           0x0000000008052398        0x0 contiki-native.a(mac.o)
 .bss           0x0000000008052398        0x0 contiki-native.a(framer-nullmac.)
 *fill*         0x0000000008052398        0x8 00
 .bss           0x00000000080523a0      0x1b1 contiki-native.a(process.o)
                0x00000000080523a0                process_current
                0x00000000080523a4                process_list
 *fill*         0x0000000008052551        0x3 00
 .bss           0x0000000008052554        0x0 contiki-native.a(autostart.o)
 *fill*         0x0000000008052554        0xc 00
 .bss           0x0000000008052560      0x120 contiki-native.a(serial-line.o)
 .bss           0x0000000008052680        0x0 contiki-native.a(timer.o)
 .bss           0x0000000008052680        0x0 contiki-native.a(list.o)
 .bss           0x0000000008052680        0x0 contiki-native.a(ringbuf.o)
 .bss           0x0000000008052680        0x0 contiki-native.a(netstack.o)
 .bss           0x0000000008052680       0xd2 contiki-native.a(packetbuf.o)
 *fill*         0x0000000008052752        0xe 00
 .bss           0x0000000008052760      0x6b8 contiki-native.a(queuebuf.o)
 .bss           0x0000000008052e18        0x0 contiki-native.a(nullradio.o)
 .bss           0x0000000008052e18        0x0 contiki-native.a(memb.o)
 .bss           0x0000000008052e18        0x0 /usr/lib/i386-linux-gnu/libc_nonshared.a(elf-init.oS)
 .bss           0x0000000008052e18        0x0 /usr/lib/gcc/i686-linux-gnu/4.6/crtend.o
 .bss           0x0000000008052e18        0x0 /usr/lib/gcc/i686-linux-gnu/4.6/../../../i386-linux-gnu/crtn.o
 *(COMMON)
 COMMON         0x0000000008052e18        0x1 contiki-native.a(tcpip.o)
                0x0000000008052e18                tcpip_event
 *fill*         0x0000000008052e19        0x7 00
 COMMON         0x0000000008052e20      0x8d0 contiki-native.a(uip.o)
                0x0000000008052e20                uip_draddr
                0x0000000008052e24                uip_slen
                0x0000000008052e26                uip_acc32
                0x0000000008052e40                uip_conns
                0x00000000080533e0                uip_netmask
                0x00000000080533e4                uip_hostaddr
                0x00000000080533e8                uip_appdata
                0x00000000080533ec                uip_flags
                0x0000000008053400                uip_aligned_buf
                0x00000000080535c0                uip_listenports
                0x0000000008053610                uip_len
                0x0000000008053614                uip_sappdata
                0x0000000008053620                uip_udp_conns
                0x00000000080536e8                uip_udp_conn
                0x00000000080536ec                uip_conn
 COMMON         0x00000000080536f0        0x8 contiki-native.a(contiki-main.o)
                0x00000000080536f0                contiki_argv
                0x00000000080536f4                sensors_flags
 COMMON         0x00000000080536f8        0x1 contiki-native.a(sensors.o)
                0x00000000080536f8                sensors_event
 COMMON         0x00000000080536f9        0x2 contiki-native.a(rimeaddr.o)
                0x00000000080536f9                rimeaddr_node_addr
 COMMON         0x00000000080536fb        0x1 contiki-native.a(serial-line.o)
                0x00000000080536fb                serial_line_event_message
 *fill*         0x00000000080536fc        0x4 00
 COMMON         0x0000000008053700       0x38 contiki-native.a(packetbuf.o)
                0x0000000008053700                packetbuf_attrs
                0x0000000008053730                packetbuf_addrs
                0x0000000008053738                . = ALIGN ((. != 0x0)?0x4:0x1)
                0x0000000008053738                . = ALIGN (0x4)
                0x0000000008053738                . = ALIGN (0x4)
                0x0000000008053738                _end = .
                0x0000000008053738                PROVIDE (end, .)
                0x0000000008053738                . = DATA_SEGMENT_END (.)

.stab
 *(.stab)

.stabstr
 *(.stabstr)

.stab.excl
 *(.stab.excl)

.stab.exclstr
 *(.stab.exclstr)

.stab.index
 *(.stab.index)

.stab.indexstr
 *(.stab.indexstr)

.comment        0x0000000000000000       0x2a
 *(.comment)
 .comment       0x0000000000000000       0x2a /usr/lib/gcc/i686-linux-gnu/4.6/crtbegin.o
                                         0x2b (size before relaxing)
 .comment       0x0000000000000000       0x2b sensornode.co
 .comment       0x0000000000000000       0x2b contiki-native.a(etimer.o)
 .comment       0x0000000000000000       0x2b contiki-native.a(ctimer.o)
 .comment       0x0000000000000000       0x2b contiki-native.a(random.o)
 .comment       0x0000000000000000       0x2b contiki-native.a(tcpip.o)
 .comment       0x0000000000000000       0x2b contiki-native.a(uip-debug.o)
 .comment       0x0000000000000000       0x2b contiki-native.a(uip-udp-packet.)
 .comment       0x0000000000000000       0x2b contiki-native.a(uip.o)
 .comment       0x0000000000000000       0x2b contiki-native.a(contiki-main.o)
 .comment       0x0000000000000000       0x2b contiki-native.a(clock.o)
 .comment       0x0000000000000000       0x2b contiki-native.a(button-sensor.o)
 .comment       0x0000000000000000       0x2b contiki-native.a(pir-sensor.o)
 .comment       0x0000000000000000       0x2b contiki-native.a(vib-sensor.o)
 .comment       0x0000000000000000       0x2b contiki-native.a(sensors.o)
 .comment       0x0000000000000000       0x2b contiki-native.a(rimeaddr.o)
 .comment       0x0000000000000000       0x2b contiki-native.a(nullmac.o)
 .comment       0x0000000000000000       0x2b contiki-native.a(nullrdc.o)
 .comment       0x0000000000000000       0x2b contiki-native.a(mac.o)
 .comment       0x0000000000000000       0x2b contiki-native.a(framer-nullmac.)
 .comment       0x0000000000000000       0x2b contiki-native.a(process.o)
 .comment       0x0000000000000000       0x2b contiki-native.a(autostart.o)
 .comment       0x0000000000000000       0x2b contiki-native.a(serial-line.o)
 .comment       0x0000000000000000       0x2b contiki-native.a(timer.o)
 .comment       0x0000000000000000       0x2b contiki-native.a(list.o)
 .comment       0x0000000000000000       0x2b contiki-native.a(ringbuf.o)
 .comment       0x0000000000000000       0x2b contiki-native.a(netstack.o)
 .comment       0x0000000000000000       0x2b contiki-native.a(packetbuf.o)
 .comment       0x0000000000000000       0x2b contiki-native.a(queuebuf.o)
 .comment       0x0000000000000000       0x2b contiki-native.a(nullradio.o)
 .comment       0x0000000000000000       0x2b contiki-native.a(memb.o)
 .comment       0x0000000000000000       0x2b /usr/lib/i386-linux-gnu/libc_nonshared.a(elf-init.oS)
 .comment       0x0000000000000000       0x2b /usr/lib/gcc/i686-linux-gnu/4.6/crtend.o

.debug
 *(.debug)

.line
 *(.line)

.debug_srcinfo
 *(.debug_srcinfo)

.debug_sfnames
 *(.debug_sfnames)

.debug_aranges  0x0000000000000000      0x3c0
 *(.debug_aranges)
 .debug_aranges
                0x0000000000000000       0x20 sensornode.co
 .debug_aranges
                0x0000000000000020       0x20 contiki-native.a(etimer.o)
 .debug_aranges
                0x0000000000000040       0x20 contiki-native.a(ctimer.o)
 .debug_aranges
                0x0000000000000060       0x20 contiki-native.a(random.o)
 .debug_aranges
                0x0000000000000080       0x20 contiki-native.a(tcpip.o)
 .debug_aranges
                0x00000000000000a0       0x20 contiki-native.a(uip-debug.o)
 .debug_aranges
                0x00000000000000c0       0x20 contiki-native.a(uip-udp-packet.)
 .debug_aranges
                0x00000000000000e0       0x20 contiki-native.a(uip.o)
 .debug_aranges
                0x0000000000000100       0x20 contiki-native.a(contiki-main.o)
 .debug_aranges
                0x0000000000000120       0x20 contiki-native.a(clock.o)
 .debug_aranges
                0x0000000000000140       0x20 contiki-native.a(button-sensor.o)
 .debug_aranges
                0x0000000000000160       0x20 contiki-native.a(pir-sensor.o)
 .debug_aranges
                0x0000000000000180       0x20 contiki-native.a(vib-sensor.o)
 .debug_aranges
                0x00000000000001a0       0x20 contiki-native.a(sensors.o)
 .debug_aranges
                0x00000000000001c0       0x20 contiki-native.a(rimeaddr.o)
 .debug_aranges
                0x00000000000001e0       0x20 contiki-native.a(nullmac.o)
 .debug_aranges
                0x0000000000000200       0x20 contiki-native.a(nullrdc.o)
 .debug_aranges
                0x0000000000000220       0x20 contiki-native.a(mac.o)
 .debug_aranges
                0x0000000000000240       0x20 contiki-native.a(framer-nullmac.)
 .debug_aranges
                0x0000000000000260       0x20 contiki-native.a(process.o)
 .debug_aranges
                0x0000000000000280       0x20 contiki-native.a(autostart.o)
 .debug_aranges
                0x00000000000002a0       0x20 contiki-native.a(serial-line.o)
 .debug_aranges
                0x00000000000002c0       0x20 contiki-native.a(timer.o)
 .debug_aranges
                0x00000000000002e0       0x20 contiki-native.a(list.o)
 .debug_aranges
                0x0000000000000300       0x20 contiki-native.a(ringbuf.o)
 .debug_aranges
                0x0000000000000320       0x20 contiki-native.a(netstack.o)
 .debug_aranges
                0x0000000000000340       0x20 contiki-native.a(packetbuf.o)
 .debug_aranges
                0x0000000000000360       0x20 contiki-native.a(queuebuf.o)
 .debug_aranges
                0x0000000000000380       0x20 contiki-native.a(nullradio.o)
 .debug_aranges
                0x00000000000003a0       0x20 contiki-native.a(memb.o)

.debug_pubnames
 *(.debug_pubnames)

.debug_info     0x0000000000000000     0x8c29
 *(.debug_info .gnu.linkonce.wi.*)
 .debug_info    0x0000000000000000      0xad2 sensornode.co
 .debug_info    0x0000000000000ad2      0x4b9 contiki-native.a(etimer.o)
 .debug_info    0x0000000000000f8b      0x467 contiki-native.a(ctimer.o)
 .debug_info    0x00000000000013f2       0xb4 contiki-native.a(random.o)
 .debug_info    0x00000000000014a6      0xee0 contiki-native.a(tcpip.o)
 .debug_info    0x0000000000002386      0x48e contiki-native.a(uip-debug.o)
 .debug_info    0x0000000000002814      0x410 contiki-native.a(uip-udp-packet.)
 .debug_info    0x0000000000002c24      0xe86 contiki-native.a(uip.o)
 .debug_info    0x0000000000003aaa      0xf47 contiki-native.a(contiki-main.o)
 .debug_info    0x00000000000049f1      0x134 contiki-native.a(clock.o)
 .debug_info    0x0000000000004b25      0x1a7 contiki-native.a(button-sensor.o)
 .debug_info    0x0000000000004ccc      0x1c9 contiki-native.a(pir-sensor.o)
 .debug_info    0x0000000000004e95      0x1b6 contiki-native.a(vib-sensor.o)
 .debug_info    0x000000000000504b      0x3a9 contiki-native.a(sensors.o)
 .debug_info    0x00000000000053f4      0x1b4 contiki-native.a(rimeaddr.o)
 .debug_info    0x00000000000055a8      0x365 contiki-native.a(nullmac.o)
 .debug_info    0x000000000000590d      0x6c5 contiki-native.a(nullrdc.o)
 .debug_info    0x0000000000005fd2      0x117 contiki-native.a(mac.o)
 .debug_info    0x00000000000060e9      0x239 contiki-native.a(framer-nullmac.)
 .debug_info    0x0000000000006322      0x7ab contiki-native.a(process.o)
 .debug_info    0x0000000000006acd      0x1be contiki-native.a(autostart.o)
 .debug_info    0x0000000000006c8b      0x2ff contiki-native.a(serial-line.o)
 .debug_info    0x0000000000006f8a      0x18b contiki-native.a(timer.o)
 .debug_info    0x0000000000007115      0x31c contiki-native.a(list.o)
 .debug_info    0x0000000000007431      0x1cb contiki-native.a(ringbuf.o)
 .debug_info    0x00000000000075fc      0x3bd contiki-native.a(netstack.o)
 .debug_info    0x00000000000079b9      0x705 contiki-native.a(packetbuf.o)
 .debug_info    0x00000000000080be      0x6bf contiki-native.a(queuebuf.o)
 .debug_info    0x000000000000877d      0x2c1 contiki-native.a(nullradio.o)
 .debug_info    0x0000000000008a3e      0x1eb contiki-native.a(memb.o)

.debug_abbrev   0x0000000000000000     0x2f09
 *(.debug_abbrev)
 .debug_abbrev  0x0000000000000000      0x276 sensornode.co
 .debug_abbrev  0x0000000000000276      0x1ee contiki-native.a(etimer.o)
 .debug_abbrev  0x0000000000000464      0x1a4 contiki-native.a(ctimer.o)
 .debug_abbrev  0x0000000000000608       0x67 contiki-native.a(random.o)
 .debug_abbrev  0x000000000000066f      0x3c9 contiki-native.a(tcpip.o)
 .debug_abbrev  0x0000000000000a38      0x16a contiki-native.a(uip-debug.o)
 .debug_abbrev  0x0000000000000ba2      0x1d5 contiki-native.a(uip-udp-packet.)
 .debug_abbrev  0x0000000000000d77      0x2dc contiki-native.a(uip.o)
 .debug_abbrev  0x0000000000001053      0x342 contiki-native.a(contiki-main.o)
 .debug_abbrev  0x0000000000001395       0xa1 contiki-native.a(clock.o)
 .debug_abbrev  0x0000000000001436       0xb6 contiki-native.a(button-sensor.o)
 .debug_abbrev  0x00000000000014ec       0xd6 contiki-native.a(pir-sensor.o)
 .debug_abbrev  0x00000000000015c2       0xd4 contiki-native.a(vib-sensor.o)
 .debug_abbrev  0x0000000000001696      0x208 contiki-native.a(sensors.o)
 .debug_abbrev  0x000000000000189e      0x119 contiki-native.a(rimeaddr.o)
 .debug_abbrev  0x00000000000019b7      0x16b contiki-native.a(nullmac.o)
 .debug_abbrev  0x0000000000001b22      0x233 contiki-native.a(nullrdc.o)
 .debug_abbrev  0x0000000000001d55       0xa0 contiki-native.a(mac.o)
 .debug_abbrev  0x0000000000001df5       0xf8 contiki-native.a(framer-nullmac.)
 .debug_abbrev  0x0000000000001eed      0x2c0 contiki-native.a(process.o)
 .debug_abbrev  0x00000000000021ad       0xf5 contiki-native.a(autostart.o)
 .debug_abbrev  0x00000000000022a2      0x1a5 contiki-native.a(serial-line.o)
 .debug_abbrev  0x0000000000002447       0xe9 contiki-native.a(timer.o)
 .debug_abbrev  0x0000000000002530      0x142 contiki-native.a(list.o)
 .debug_abbrev  0x0000000000002672       0xeb contiki-native.a(ringbuf.o)
 .debug_abbrev  0x000000000000275d       0xda contiki-native.a(netstack.o)
 .debug_abbrev  0x0000000000002837      0x295 contiki-native.a(packetbuf.o)
 .debug_abbrev  0x0000000000002acc      0x206 contiki-native.a(queuebuf.o)
 .debug_abbrev  0x0000000000002cd2      0x12b contiki-native.a(nullradio.o)
 .debug_abbrev  0x0000000000002dfd      0x10c contiki-native.a(memb.o)

.debug_line     0x0000000000000000     0x2cff
 *(.debug_line)
 .debug_line    0x0000000000000000      0x25e sensornode.co
 .debug_line    0x000000000000025e      0x193 contiki-native.a(etimer.o)
 .debug_line    0x00000000000003f1      0x193 contiki-native.a(ctimer.o)
 .debug_line    0x0000000000000584       0x60 contiki-native.a(random.o)
 .debug_line    0x00000000000005e4      0x2d5 contiki-native.a(tcpip.o)
 .debug_line    0x00000000000008b9      0x16a contiki-native.a(uip-debug.o)
 .debug_line    0x0000000000000a23      0x182 contiki-native.a(uip-udp-packet.)
 .debug_line    0x0000000000000ba5      0x5ae contiki-native.a(uip.o)
 .debug_line    0x0000000000001153      0x46c contiki-native.a(contiki-main.o)
 .debug_line    0x00000000000015bf       0xb6 contiki-native.a(clock.o)
 .debug_line    0x0000000000001675       0xa9 contiki-native.a(button-sensor.o)
 .debug_line    0x000000000000171e       0xa7 contiki-native.a(pir-sensor.o)
 .debug_line    0x00000000000017c5       0xa7 contiki-native.a(vib-sensor.o)
 .debug_line    0x000000000000186c      0x163 contiki-native.a(sensors.o)
 .debug_line    0x00000000000019cf      0x10f contiki-native.a(rimeaddr.o)
 .debug_line    0x0000000000001ade       0xde contiki-native.a(nullmac.o)
 .debug_line    0x0000000000001bbc      0x1ca contiki-native.a(nullrdc.o)
 .debug_line    0x0000000000001d86       0x94 contiki-native.a(mac.o)
 .debug_line    0x0000000000001e1a      0x125 contiki-native.a(framer-nullmac.)
 .debug_line    0x0000000000001f3f      0x1ea contiki-native.a(process.o)
 .debug_line    0x0000000000002129       0xc1 contiki-native.a(autostart.o)
 .debug_line    0x00000000000021ea      0x131 contiki-native.a(serial-line.o)
 .debug_line    0x000000000000231b       0xe1 contiki-native.a(timer.o)
 .debug_line    0x00000000000023fc      0x10f contiki-native.a(list.o)
 .debug_line    0x000000000000250b       0xc8 contiki-native.a(ringbuf.o)
 .debug_line    0x00000000000025d3      0x100 contiki-native.a(netstack.o)
 .debug_line    0x00000000000026d3      0x265 contiki-native.a(packetbuf.o)
 .debug_line    0x0000000000002938      0x1de contiki-native.a(queuebuf.o)
 .debug_line    0x0000000000002b16       0xa0 contiki-native.a(nullradio.o)
 .debug_line    0x0000000000002bb6      0x149 contiki-native.a(memb.o)

.debug_frame
 *(.debug_frame)

.debug_str      0x0000000000000000     0x20d2
 *(.debug_str)
 .debug_str     0x0000000000000000      0x523 sensornode.co
                                        0x5f2 (size before relaxing)
 .debug_str     0x0000000000000523      0x157 contiki-native.a(etimer.o)
                                        0x2ca (size before relaxing)
 .debug_str     0x000000000000067a       0xd4 contiki-native.a(ctimer.o)
                                        0x25e (size before relaxing)
 .debug_str     0x000000000000074e       0x49 contiki-native.a(random.o)
                                        0x119 (size before relaxing)
 .debug_str     0x0000000000000797      0x274 contiki-native.a(tcpip.o)
                                        0x662 (size before relaxing)
 .debug_str     0x0000000000000a0b       0x5d contiki-native.a(uip-debug.o)
                                        0x313 (size before relaxing)
 .debug_str     0x0000000000000a68       0x9f contiki-native.a(uip-udp-packet.)
                                        0x26b (size before relaxing)
 .debug_str     0x0000000000000b07      0x2db contiki-native.a(uip.o)
                                        0x624 (size before relaxing)
 .debug_str     0x0000000000000de2      0x260 contiki-native.a(contiki-main.o)
                                        0x6b7 (size before relaxing)
 .debug_str     0x0000000000001042       0x59 contiki-native.a(clock.o)
                                        0x164 (size before relaxing)
 .debug_str     0x000000000000109b       0x4b contiki-native.a(button-sensor.o)
                                        0x154 (size before relaxing)
 .debug_str     0x00000000000010e6       0x61 contiki-native.a(pir-sensor.o)
                                        0x167 (size before relaxing)
 .debug_str     0x0000000000001147       0x4e contiki-native.a(vib-sensor.o)
                                        0x154 (size before relaxing)
 .debug_str     0x0000000000001195       0xb6 contiki-native.a(sensors.o)
                                        0x250 (size before relaxing)
 .debug_str     0x000000000000124b       0x92 contiki-native.a(rimeaddr.o)
                                        0x193 (size before relaxing)
 .debug_str     0x00000000000012dd       0x44 contiki-native.a(nullmac.o)
                                        0x1dc (size before relaxing)
 .debug_str     0x0000000000001321      0x448 contiki-native.a(nullrdc.o)
                                        0x627 (size before relaxing)
 .debug_str     0x0000000000001769       0x4b contiki-native.a(mac.o)
                                        0x18a (size before relaxing)
 .debug_str     0x00000000000017b4       0x54 contiki-native.a(framer-nullmac.)
                                        0x431 (size before relaxing)
 .debug_str     0x0000000000001808      0x161 contiki-native.a(process.o)
                                        0x439 (size before relaxing)
 .debug_str     0x0000000000001969       0x4e contiki-native.a(autostart.o)
                                        0x175 (size before relaxing)
 .debug_str     0x00000000000019b7       0xc8 contiki-native.a(serial-line.o)
                                        0x234 (size before relaxing)
 .debug_str     0x0000000000001a7f       0x3b contiki-native.a(timer.o)
                                        0x164 (size before relaxing)
 .debug_str     0x0000000000001aba       0xbc contiki-native.a(list.o)
                                        0x11e (size before relaxing)
 .debug_str     0x0000000000001b76       0x70 contiki-native.a(ringbuf.o)
                                        0x177 (size before relaxing)
 .debug_str     0x0000000000001be6       0x3c contiki-native.a(netstack.o)
                                        0x21d (size before relaxing)
 .debug_str     0x0000000000001c22      0x268 contiki-native.a(packetbuf.o)
                                        0x687 (size before relaxing)
 .debug_str     0x0000000000001e8a      0x19e contiki-native.a(queuebuf.o)
                                        0x60a (size before relaxing)
 .debug_str     0x0000000000002028       0x50 contiki-native.a(nullradio.o)
                                        0x159 (size before relaxing)
 .debug_str     0x0000000000002078       0x5a contiki-native.a(memb.o)
                                        0x15a (size before relaxing)

.debug_loc      0x0000000000000000     0x2ffa
 *(.debug_loc)
 .debug_loc     0x0000000000000000      0x1a4 sensornode.co
 .debug_loc     0x00000000000001a4      0x3e4 contiki-native.a(etimer.o)
 .debug_loc     0x0000000000000588      0x282 contiki-native.a(ctimer.o)
 .debug_loc     0x000000000000080a       0x58 contiki-native.a(random.o)
 .debug_loc     0x0000000000000862      0x520 contiki-native.a(tcpip.o)
 .debug_loc     0x0000000000000d82      0x115 contiki-native.a(uip-debug.o)
 .debug_loc     0x0000000000000e97       0xa1 contiki-native.a(uip-udp-packet.)
 .debug_loc     0x0000000000000f38      0x5ad contiki-native.a(uip.o)
 .debug_loc     0x00000000000014e5      0x261 contiki-native.a(contiki-main.o)
 .debug_loc     0x0000000000001746       0x70 contiki-native.a(clock.o)
 .debug_loc     0x00000000000017b6       0x2c contiki-native.a(button-sensor.o)
 .debug_loc     0x00000000000017e2       0x2c contiki-native.a(pir-sensor.o)
 .debug_loc     0x000000000000180e       0x2c contiki-native.a(vib-sensor.o)
 .debug_loc     0x000000000000183a      0x1da contiki-native.a(sensors.o)
 .debug_loc     0x0000000000001a14       0x58 contiki-native.a(rimeaddr.o)
 .debug_loc     0x0000000000001a6c       0xb0 contiki-native.a(nullmac.o)
 .debug_loc     0x0000000000001b1c      0x27f contiki-native.a(nullrdc.o)
 .debug_loc     0x0000000000001d9b       0x2c contiki-native.a(mac.o)
 .debug_loc     0x0000000000001dc7       0xc4 contiki-native.a(framer-nullmac.)
 .debug_loc     0x0000000000001e8b      0x3e9 contiki-native.a(process.o)
 .debug_loc     0x0000000000002274       0xb0 contiki-native.a(autostart.o)
 .debug_loc     0x0000000000002324      0x10a contiki-native.a(serial-line.o)
 .debug_loc     0x000000000000242e      0x114 contiki-native.a(timer.o)
 .debug_loc     0x0000000000002542      0x1a5 contiki-native.a(list.o)
 .debug_loc     0x00000000000026e7       0x6b contiki-native.a(ringbuf.o)
 .debug_loc     0x0000000000002752       0x2c contiki-native.a(netstack.o)
 .debug_loc     0x000000000000277e      0x328 contiki-native.a(packetbuf.o)
 .debug_loc     0x0000000000002aa6      0x330 contiki-native.a(queuebuf.o)
 .debug_loc     0x0000000000002dd6       0x2c contiki-native.a(nullradio.o)
 .debug_loc     0x0000000000002e02      0x1f8 contiki-native.a(memb.o)

.debug_macinfo
 *(.debug_macinfo)

.debug_weaknames
 *(.debug_weaknames)

.debug_funcnames
 *(.debug_funcnames)

.debug_typenames
 *(.debug_typenames)

.debug_varnames
 *(.debug_varnames)

.debug_pubtypes
 *(.debug_pubtypes)

.debug_ranges   0x0000000000000000       0x60
 *(.debug_ranges)
 .debug_ranges  0x0000000000000000       0x18 contiki-native.a(uip-debug.o)
 .debug_ranges  0x0000000000000018       0x18 contiki-native.a(uip-udp-packet.)
 .debug_ranges  0x0000000000000030       0x18 contiki-native.a(contiki-main.o)
 .debug_ranges  0x0000000000000048       0x18 contiki-native.a(packetbuf.o)

.gnu.attributes
 *(.gnu.attributes)

/DISCARD/
 *(.note.GNU-stack)
 *(.gnu_debuglink)
 *(.gnu.lto_*)
OUTPUT(sensornode.native elf32-i386)
